Archive member included to satisfy reference by file (symbol)

/home/aad/st/stm32cubeide_1.16.0/plugins/com.st.stm32cube.ide.mcu.externaltools.gnu-tools-for-stm32.12.3.rel1.linux64_1.0.200.202406132123/tools/bin/../lib/gcc/arm-none-eabi/12.3.1/../../../../arm-none-eabi/lib/thumb/v7e-m+fp/hard/libc_nano.a(libc_a-exit.o)
                              /home/aad/st/stm32cubeide_1.16.0/plugins/com.st.stm32cube.ide.mcu.externaltools.gnu-tools-for-stm32.12.3.rel1.linux64_1.0.200.202406132123/tools/bin/../lib/gcc/arm-none-eabi/12.3.1/../../../../arm-none-eabi/lib/thumb/v7e-m+fp/hard/crt0.o (exit)
/home/aad/st/stm32cubeide_1.16.0/plugins/com.st.stm32cube.ide.mcu.externaltools.gnu-tools-for-stm32.12.3.rel1.linux64_1.0.200.202406132123/tools/bin/../lib/gcc/arm-none-eabi/12.3.1/../../../../arm-none-eabi/lib/thumb/v7e-m+fp/hard/libc_nano.a(libc_a-malloc.o)
                              ./Core/ThreadSafe/newlib_lock_glue.o (malloc)
/home/aad/st/stm32cubeide_1.16.0/plugins/com.st.stm32cube.ide.mcu.externaltools.gnu-tools-for-stm32.12.3.rel1.linux64_1.0.200.202406132123/tools/bin/../lib/gcc/arm-none-eabi/12.3.1/../../../../arm-none-eabi/lib/thumb/v7e-m+fp/hard/libc_nano.a(libc_a-mallocr.o)
                              /home/aad/st/stm32cubeide_1.16.0/plugins/com.st.stm32cube.ide.mcu.externaltools.gnu-tools-for-stm32.12.3.rel1.linux64_1.0.200.202406132123/tools/bin/../lib/gcc/arm-none-eabi/12.3.1/../../../../arm-none-eabi/lib/thumb/v7e-m+fp/hard/libc_nano.a(libc_a-malloc.o) (_malloc_r)
/home/aad/st/stm32cubeide_1.16.0/plugins/com.st.stm32cube.ide.mcu.externaltools.gnu-tools-for-stm32.12.3.rel1.linux64_1.0.200.202406132123/tools/bin/../lib/gcc/arm-none-eabi/12.3.1/../../../../arm-none-eabi/lib/thumb/v7e-m+fp/hard/libc_nano.a(libc_a-mlock.o)
                              /home/aad/st/stm32cubeide_1.16.0/plugins/com.st.stm32cube.ide.mcu.externaltools.gnu-tools-for-stm32.12.3.rel1.linux64_1.0.200.202406132123/tools/bin/../lib/gcc/arm-none-eabi/12.3.1/../../../../arm-none-eabi/lib/thumb/v7e-m+fp/hard/libc_nano.a(libc_a-mallocr.o) (__malloc_lock)
/home/aad/st/stm32cubeide_1.16.0/plugins/com.st.stm32cube.ide.mcu.externaltools.gnu-tools-for-stm32.12.3.rel1.linux64_1.0.200.202406132123/tools/bin/../lib/gcc/arm-none-eabi/12.3.1/../../../../arm-none-eabi/lib/thumb/v7e-m+fp/hard/libc_nano.a(libc_a-findfp.o)
                              /home/aad/st/stm32cubeide_1.16.0/plugins/com.st.stm32cube.ide.mcu.externaltools.gnu-tools-for-stm32.12.3.rel1.linux64_1.0.200.202406132123/tools/bin/../lib/gcc/arm-none-eabi/12.3.1/../../../../arm-none-eabi/lib/thumb/v7e-m+fp/hard/libc_nano.a(libc_a-exit.o) (__stdio_exit_handler)
/home/aad/st/stm32cubeide_1.16.0/plugins/com.st.stm32cube.ide.mcu.externaltools.gnu-tools-for-stm32.12.3.rel1.linux64_1.0.200.202406132123/tools/bin/../lib/gcc/arm-none-eabi/12.3.1/../../../../arm-none-eabi/lib/thumb/v7e-m+fp/hard/libc_nano.a(libc_a-fwalk.o)
                              /home/aad/st/stm32cubeide_1.16.0/plugins/com.st.stm32cube.ide.mcu.externaltools.gnu-tools-for-stm32.12.3.rel1.linux64_1.0.200.202406132123/tools/bin/../lib/gcc/arm-none-eabi/12.3.1/../../../../arm-none-eabi/lib/thumb/v7e-m+fp/hard/libc_nano.a(libc_a-findfp.o) (_fwalk_sglue)
/home/aad/st/stm32cubeide_1.16.0/plugins/com.st.stm32cube.ide.mcu.externaltools.gnu-tools-for-stm32.12.3.rel1.linux64_1.0.200.202406132123/tools/bin/../lib/gcc/arm-none-eabi/12.3.1/../../../../arm-none-eabi/lib/thumb/v7e-m+fp/hard/libc_nano.a(libc_a-stdio.o)
                              /home/aad/st/stm32cubeide_1.16.0/plugins/com.st.stm32cube.ide.mcu.externaltools.gnu-tools-for-stm32.12.3.rel1.linux64_1.0.200.202406132123/tools/bin/../lib/gcc/arm-none-eabi/12.3.1/../../../../arm-none-eabi/lib/thumb/v7e-m+fp/hard/libc_nano.a(libc_a-findfp.o) (__sread)
/home/aad/st/stm32cubeide_1.16.0/plugins/com.st.stm32cube.ide.mcu.externaltools.gnu-tools-for-stm32.12.3.rel1.linux64_1.0.200.202406132123/tools/bin/../lib/gcc/arm-none-eabi/12.3.1/../../../../arm-none-eabi/lib/thumb/v7e-m+fp/hard/libc_nano.a(libc_a-memset.o)
                              /home/aad/st/stm32cubeide_1.16.0/plugins/com.st.stm32cube.ide.mcu.externaltools.gnu-tools-for-stm32.12.3.rel1.linux64_1.0.200.202406132123/tools/bin/../lib/gcc/arm-none-eabi/12.3.1/../../../../arm-none-eabi/lib/thumb/v7e-m+fp/hard/crt0.o (memset)
/home/aad/st/stm32cubeide_1.16.0/plugins/com.st.stm32cube.ide.mcu.externaltools.gnu-tools-for-stm32.12.3.rel1.linux64_1.0.200.202406132123/tools/bin/../lib/gcc/arm-none-eabi/12.3.1/../../../../arm-none-eabi/lib/thumb/v7e-m+fp/hard/libc_nano.a(libc_a-closer.o)
                              /home/aad/st/stm32cubeide_1.16.0/plugins/com.st.stm32cube.ide.mcu.externaltools.gnu-tools-for-stm32.12.3.rel1.linux64_1.0.200.202406132123/tools/bin/../lib/gcc/arm-none-eabi/12.3.1/../../../../arm-none-eabi/lib/thumb/v7e-m+fp/hard/libc_nano.a(libc_a-stdio.o) (_close_r)
[...]
Memory Configuration

Name             Origin             Length             Attributes
CCMRAM           0x10000000         0x00010000         xrw
RAM              0x20000000         0x00020000         xrw
FLASH            0x08000000         0x00100000         xr
*default*        0x00000000         0xffffffff

Linker script and memory map

LOAD /home/aad/st/stm32cubeide_1.16.0/plugins/com.st.stm32cube.ide.mcu.externaltools.gnu-tools-for-stm32.12.3.rel1.linux64_1.0.200.202406132123/tools/bin/../lib/gcc/arm-none-eabi/12.3.1/thumb/v7e-m+fp/hard/crti.o
LOAD /home/aad/st/stm32cubeide_1.16.0/plugins/com.st.stm32cube.ide.mcu.externaltools.gnu-tools-for-stm32.12.3.rel1.linux64_1.0.200.202406132123/tools/bin/../lib/gcc/arm-none-eabi/12.3.1/thumb/v7e-m+fp/hard/crtbegin.o
LOAD /home/aad/st/stm32cubeide_1.16.0/plugins/com.st.stm32cube.ide.mcu.externaltools.gnu-tools-for-stm32.12.3.rel1.linux64_1.0.200.202406132123/tools/bin/../lib/gcc/arm-none-eabi/12.3.1/../../../../arm-none-eabi/lib/thumb/v7e-m+fp/hard/crt0.o
LOAD ./Components/lis302dl/lis302dl.o
LOAD ./Components/lis3dsh/lis3dsh.o
LOAD ./Core/DataStructures/ring_buffer/ring_buffer.o
LOAD ./Core/Src/UartSlaveAccel.o
LOAD ./Core/Src/gpio.o
LOAD ./Core/Src/i2c.o
LOAD ./Core/Src/lowpass.o
LOAD ./Core/Src/main.o
LOAD ./Core/Src/spi.o
LOAD ./Core/Src/stm32f4_discovery.o
LOAD ./Core/Src/stm32f4_discovery_accelerometer.o
LOAD ./Core/Src/stm32f4xx_hal_msp.o
LOAD ./Core/Src/stm32f4xx_it.o
LOAD ./Core/Src/syscalls.o
LOAD ./Core/Src/sysmem.o
LOAD ./Core/Src/system_stm32f4xx.o
LOAD ./Core/Src/tim.o
LOAD ./Core/Startup/startup_stm32f407vgtx.o
LOAD ./Core/ThreadSafe/newlib_lock_glue.o
LOAD ./Drivers/STM32F4xx_HAL_Driver/Src/stm32f4xx_hal.o
LOAD ./Drivers/STM32F4xx_HAL_Driver/Src/stm32f4xx_hal_cortex.o
LOAD ./Drivers/STM32F4xx_HAL_Driver/Src/stm32f4xx_hal_dma.o
LOAD ./Drivers/STM32F4xx_HAL_Driver/Src/stm32f4xx_hal_dma_ex.o
LOAD ./Drivers/STM32F4xx_HAL_Driver/Src/stm32f4xx_hal_exti.o
LOAD ./Drivers/STM32F4xx_HAL_Driver/Src/stm32f4xx_hal_flash.o
LOAD ./Drivers/STM32F4xx_HAL_Driver/Src/stm32f4xx_hal_flash_ex.o
LOAD ./Drivers/STM32F4xx_HAL_Driver/Src/stm32f4xx_hal_flash_ramfunc.o
LOAD ./Drivers/STM32F4xx_HAL_Driver/Src/stm32f4xx_hal_gpio.o
LOAD ./Drivers/STM32F4xx_HAL_Driver/Src/stm32f4xx_hal_i2c.o
LOAD ./Drivers/STM32F4xx_HAL_Driver/Src/stm32f4xx_hal_i2c_ex.o
LOAD ./Drivers/STM32F4xx_HAL_Driver/Src/stm32f4xx_hal_pcd.o
LOAD ./Drivers/STM32F4xx_HAL_Driver/Src/stm32f4xx_hal_pcd_ex.o
LOAD ./Drivers/STM32F4xx_HAL_Driver/Src/stm32f4xx_hal_pwr.o
LOAD ./Drivers/STM32F4xx_HAL_Driver/Src/stm32f4xx_hal_pwr_ex.o
LOAD ./Drivers/STM32F4xx_HAL_Driver/Src/stm32f4xx_hal_rcc.o
LOAD ./Drivers/STM32F4xx_HAL_Driver/Src/stm32f4xx_hal_rcc_ex.o
LOAD ./Drivers/STM32F4xx_HAL_Driver/Src/stm32f4xx_hal_spi.o
LOAD ./Drivers/STM32F4xx_HAL_Driver/Src/stm32f4xx_hal_tim.o
LOAD ./Drivers/STM32F4xx_HAL_Driver/Src/stm32f4xx_hal_tim_ex.o
LOAD ./Drivers/STM32F4xx_HAL_Driver/Src/stm32f4xx_ll_usb.o
LOAD ./Drivers/User/UartSlave/src/uartSlave.o
LOAD ./Middlewares/ST/STM32_USB_Device_Library/Class/CDC/Src/usbd_cdc.o
LOAD ./Middlewares/ST/STM32_USB_Device_Library/Core/Src/usbd_core.o
LOAD ./Middlewares/ST/STM32_USB_Device_Library/Core/Src/usbd_ctlreq.o
LOAD ./Middlewares/ST/STM32_USB_Device_Library/Core/Src/usbd_ioreq.o
LOAD ./USB_DEVICE/App/usb_device.o
LOAD ./USB_DEVICE/App/usbd_cdc_if.o
LOAD ./USB_DEVICE/App/usbd_desc.o
LOAD ./USB_DEVICE/Target/usbd_conf.o
START GROUP
LOAD /home/aad/st/stm32cubeide_1.16.0/plugins/com.st.stm32cube.ide.mcu.externaltools.gnu-tools-for-stm32.12.3.rel1.linux64_1.0.200.202406132123/tools/bin/../lib/gcc/arm-none-eabi/12.3.1/../../../../arm-none-eabi/lib/thumb/v7e-m+fp/hard/libc_nano.a
LOAD /home/aad/st/stm32cubeide_1.16.0/plugins/com.st.stm32cube.ide.mcu.externaltools.gnu-tools-for-stm32.12.3.rel1.linux64_1.0.200.202406132123/tools/bin/../lib/gcc/arm-none-eabi/12.3.1/../../../../arm-none-eabi/lib/thumb/v7e-m+fp/hard/libm.a
END GROUP
START GROUP
LOAD /home/aad/st/stm32cubeide_1.16.0/plugins/com.st.stm32cube.ide.mcu.externaltools.gnu-tools-for-stm32.12.3.rel1.linux64_1.0.200.202406132123/tools/bin/../lib/gcc/arm-none-eabi/12.3.1/thumb/v7e-m+fp/hard/libgcc.a
LOAD /home/aad/st/stm32cubeide_1.16.0/plugins/com.st.stm32cube.ide.mcu.externaltools.gnu-tools-for-stm32.12.3.rel1.linux64_1.0.200.202406132123/tools/bin/../lib/gcc/arm-none-eabi/12.3.1/../../../../arm-none-eabi/lib/thumb/v7e-m+fp/hard/libc_nano.a
END GROUP
START GROUP
LOAD /home/aad/st/stm32cubeide_1.16.0/plugins/com.st.stm32cube.ide.mcu.externaltools.gnu-tools-for-stm32.12.3.rel1.linux64_1.0.200.202406132123/tools/bin/../lib/gcc/arm-none-eabi/12.3.1/thumb/v7e-m+fp/hard/libgcc.a
LOAD /home/aad/st/stm32cubeide_1.16.0/plugins/com.st.stm32cube.ide.mcu.externaltools.gnu-tools-for-stm32.12.3.rel1.linux64_1.0.200.202406132123/tools/bin/../lib/gcc/arm-none-eabi/12.3.1/../../../../arm-none-eabi/lib/thumb/v7e-m+fp/hard/libc_nano.a
LOAD /home/aad/st/stm32cubeide_1.16.0/plugins/com.st.stm32cube.ide.mcu.externaltools.gnu-tools-for-stm32.12.3.rel1.linux64_1.0.200.202406132123/tools/bin/../lib/gcc/arm-none-eabi/12.3.1/../../../../arm-none-eabi/lib/thumb/v7e-m+fp/hard/libnosys.a
END GROUP
START GROUP
LOAD /home/aad/st/stm32cubeide_1.16.0/plugins/com.st.stm32cube.ide.mcu.externaltools.gnu-tools-for-stm32.12.3.rel1.linux64_1.0.200.202406132123/tools/bin/../lib/gcc/arm-none-eabi/12.3.1/thumb/v7e-m+fp/hard/libgcc.a
LOAD /home/aad/st/stm32cubeide_1.16.0/plugins/com.st.stm32cube.ide.mcu.externaltools.gnu-tools-for-stm32.12.3.rel1.linux64_1.0.200.202406132123/tools/bin/../lib/gcc/arm-none-eabi/12.3.1/../../../../arm-none-eabi/lib/thumb/v7e-m+fp/hard/libc_nano.a
LOAD /home/aad/st/stm32cubeide_1.16.0/plugins/com.st.stm32cube.ide.mcu.externaltools.gnu-tools-for-stm32.12.3.rel1.linux64_1.0.200.202406132123/tools/bin/../lib/gcc/arm-none-eabi/12.3.1/../../../../arm-none-eabi/lib/thumb/v7e-m+fp/hard/libnosys.a
END GROUP
LOAD /home/aad/st/stm32cubeide_1.16.0/plugins/com.st.stm32cube.ide.mcu.externaltools.gnu-tools-for-stm32.12.3.rel1.linux64_1.0.200.202406132123/tools/bin/../lib/gcc/arm-none-eabi/12.3.1/thumb/v7e-m+fp/hard/crtend.o
LOAD /home/aad/st/stm32cubeide_1.16.0/plugins/com.st.stm32cube.ide.mcu.externaltools.gnu-tools-for-stm32.12.3.rel1.linux64_1.0.200.202406132123/tools/bin/../lib/gcc/arm-none-eabi/12.3.1/thumb/v7e-m+fp/hard/crtn.o
                0x20020000                        _estack = (ORIGIN (RAM) + LENGTH (RAM))
                0x00000200                        _Min_Heap_Size = 0x200
                0x00000400                        _Min_Stack_Size = 0x400

.isr_vector     0x08000000      0x188
                0x08000000                        . = ALIGN (0x4)
 *(.isr_vector)
 .isr_vector    0x08000000      0x188 ./Core/Startup/startup_stm32f407vgtx.o
                0x08000000                g_pfnVectors
                0x08000188                        . = ALIGN (0x4)

.text           0x08000188     0x9180
                0x08000188                        . = ALIGN (0x4)
 *(.text)
 .text          0x08000188       0x40 /home/aad/st/stm32cubeide_1.16.0/plugins/com.st.stm32cube.ide.mcu.externaltools.gnu-tools-for-stm32.12.3.rel1.linux64_1.0.200.202406132123/tools/bin/../lib/gcc/arm-none-eabi/12.3.1/thumb/v7e-m+fp/hard/crtbegin.o
 .text          0x080001c8       0x30 /home/aad/st/stm32cubeide_1.16.0/plugins/com.st.stm32cube.ide.mcu.externaltools.gnu-tools-for-stm32.12.3.rel1.linux64_1.0.200.202406132123/tools/bin/../lib/gcc/arm-none-eabi/12.3.1/thumb/v7e-m+fp/hard/libgcc.a(_aeabi_uldivmod.o)
                0x080001c8                __aeabi_uldivmod
 .text          0x080001f8      0x2bc /home/aad/st/stm32cubeide_1.16.0/plugins/com.st.stm32cube.ide.mcu.externaltools.gnu-tools-for-stm32.12.3.rel1.linux64_1.0.200.202406132123/tools/bin/../lib/gcc/arm-none-eabi/12.3.1/thumb/v7e-m+fp/hard/libgcc.a(_udivmoddi4.o)
                0x080001f8                __udivmoddi4
 .text          0x080004b4        0x4 /home/aad/st/stm32cubeide_1.16.0/plugins/com.st.stm32cube.ide.mcu.externaltools.gnu-tools-for-stm32.12.3.rel1.linux64_1.0.200.202406132123/tools/bin/../lib/gcc/arm-none-eabi/12.3.1/thumb/v7e-m+fp/hard/libgcc.a(_dvmd_tls.o)
                0x080004b4                __aeabi_ldiv0
                0x080004b4                __aeabi_idiv0
 *(.text*)
 .text.LIS302DL_Init
                0x080004b8       0x2e ./Components/lis302dl/lis302dl.o
                0x080004b8                LIS302DL_Init
 .text.LIS302DL_DeInit
                0x080004e6        0xe ./Components/lis302dl/lis302dl.o
                0x080004e6                LIS302DL_DeInit
 .text.LIS302DL_ReadID
                0x080004f4       0x24 ./Components/lis302dl/lis302dl.o
                0x080004f4                LIS302DL_ReadID
 .text.LIS302DL_FilterConfig
                0x08000518       0x46 ./Components/lis302dl/lis302dl.o
                0x08000518                LIS302DL_FilterConfig
 .text.LIS302DL_InterruptConfig
                0x0800055e       0x46 ./Components/lis302dl/lis302dl.o
                0x0800055e                LIS302DL_InterruptConfig
 .text.LIS302DL_Click_IntConfig
                0x080005a4       0xaa ./Components/lis302dl/lis302dl.o
                0x080005a4                LIS302DL_Click_IntConfig
 .text.LIS302DL_Click_IntClear
                0x0800064e       0x2c ./Components/lis302dl/lis302dl.o
                0x0800064e                LIS302DL_Click_IntClear
 .text.LIS302DL_RebootCmd
                0x0800067a       0x30 ./Components/lis302dl/lis302dl.o
                0x0800067a                LIS302DL_RebootCmd
 .text.LIS302DL_ReadACC
                0x080006aa       0xb2 ./Components/lis302dl/lis302dl.o
                0x080006aa                LIS302DL_ReadACC
 .text.LIS3DSH_Init
                0x0800075c       0x46 ./Components/lis3dsh/lis3dsh.o
                0x0800075c                LIS3DSH_Init
 .text.LIS3DSH_DeInit
                0x080007a2        0xe ./Components/lis3dsh/lis3dsh.o
                0x080007a2                LIS3DSH_DeInit
 .text.LIS3DSH_ReadID
                0x080007b0       0x24 ./Components/lis3dsh/lis3dsh.o
                0x080007b0                LIS3DSH_ReadID
 .text.LIS3DSH_InterruptConfig
                0x080007d4       0x70 ./Components/lis3dsh/lis3dsh.o
                0x080007d4                LIS3DSH_InterruptConfig
 .text.LIS3DSH_Click_IntConfig
                0x08000844       0xde ./Components/lis3dsh/lis3dsh.o
                0x08000844                LIS3DSH_Click_IntConfig
 .text.LIS3DSH_RebootCmd
                0x08000922       0x30 ./Components/lis3dsh/lis3dsh.o
                0x08000922                LIS3DSH_RebootCmd
 *fill*         0x08000952        0x2 
 .text.LIS3DSH_ReadACC
                0x08000954      0x1b4 ./Components/lis3dsh/lis3dsh.o
                0x08000954                LIS3DSH_ReadACC
 .text.RingBuffer_Init
                0x08000b08       0x32 ./Core/DataStructures/ring_buffer/ring_buffer.o
                0x08000b08                RingBuffer_Init
 *fill*         0x08000b3a        0x2 
 .text.UartSlaveAccel_Init
                0x08000b3c       0x98 ./Core/Src/UartSlaveAccel.o
                0x08000b3c                UartSlaveAccel_Init
 .text.UartSlaveAccel_StateMachine
                0x08000bd4      0x134 ./Core/Src/UartSlaveAccel.o
                0x08000bd4                UartSlaveAccel_StateMachine
 .text.MX_GPIO_Init
                0x08000d08      0x23c ./Core/Src/gpio.o
                0x08000d08                MX_GPIO_Init
 .text.MX_I2C1_Init
                0x08000f44       0x5c ./Core/Src/i2c.o
                0x08000f44                MX_I2C1_Init
 .text.HAL_I2C_MspInit
                0x08000fa0       0x90 ./Core/Src/i2c.o
                0x08000fa0                HAL_I2C_MspInit
 .text.lowpass_Init
                0x08001030       0x28 ./Core/Src/lowpass.o
                0x08001030                lowpass_Init
 .text.lowpass_update
                0x08001058       0x52 ./Core/Src/lowpass.o
                0x08001058                lowpass_update
 *fill*         0x080010aa        0x2 
 .text.main     0x080010ac       0xf0 ./Core/Src/main.o
                0x080010ac                main
 .text.SystemClock_Config
                0x0800119c       0xd4 ./Core/Src/main.o
                0x0800119c                SystemClock_Config
 .text.HAL_TIM_PeriodElapsedCallback
                0x08001270       0x3c ./Core/Src/main.o
                0x08001270                HAL_TIM_PeriodElapsedCallback
 .text.Error_Handler
                0x080012ac        0xc ./Core/Src/main.o
                0x080012ac                Error_Handler
 .text.MX_SPI1_Init
                0x080012b8       0x6c ./Core/Src/spi.o
                0x080012b8                MX_SPI1_Init
 .text.HAL_SPI_MspInit
                0x08001324       0x90 ./Core/Src/spi.o
                0x08001324                HAL_SPI_MspInit
 .text.HAL_SPI_MspDeInit
                0x080013b4       0x3c ./Core/Src/spi.o
                0x080013b4                HAL_SPI_MspDeInit
 .text.SPIx_Init
                0x080013f0       0x74 ./Core/Src/stm32f4_discovery.o
 .text.SPIx_WriteRead
                0x08001464       0x40 ./Core/Src/stm32f4_discovery.o
 .text.SPIx_Error
                0x080014a4       0x18 ./Core/Src/stm32f4_discovery.o
 .text.SPIx_MspInit
                0x080014bc       0x70 ./Core/Src/stm32f4_discovery.o
 .text.ACCELERO_IO_Init
                0x0800152c       0x5c ./Core/Src/stm32f4_discovery.o
                0x0800152c                ACCELERO_IO_Init
 .text.ACCELERO_IO_ITConfig
                0x08001588       0x60 ./Core/Src/stm32f4_discovery.o
                0x08001588                ACCELERO_IO_ITConfig
 .text.ACCELERO_IO_Write
                0x080015e8       0x64 ./Core/Src/stm32f4_discovery.o
                0x080015e8                ACCELERO_IO_Write
 .text.ACCELERO_IO_Read
                0x0800164c       0x74 ./Core/Src/stm32f4_discovery.o
                0x0800164c                ACCELERO_IO_Read
 .text.BSP_ACCELERO_Init
                0x080016c0      0x118 ./Core/Src/stm32f4_discovery_accelerometer.o
                0x080016c0                BSP_ACCELERO_Init
 .text.BSP_ACCELERO_ReadID
                0x080017d8       0x30 ./Core/Src/stm32f4_discovery_accelerometer.o
                0x080017d8                BSP_ACCELERO_ReadID
 .text.BSP_ACCELERO_GetXYZ
                0x08001808       0x58 ./Core/Src/stm32f4_discovery_accelerometer.o
                0x08001808                BSP_ACCELERO_GetXYZ
 .text.HAL_MspInit
                0x08001860       0x50 ./Core/Src/stm32f4xx_hal_msp.o
                0x08001860                HAL_MspInit
 .text.NMI_Handler
                0x080018b0        0x8 ./Core/Src/stm32f4xx_it.o
                0x080018b0                NMI_Handler
 .text.HardFault_Handler
                0x080018b8        0x8 ./Core/Src/stm32f4xx_it.o
                0x080018b8                HardFault_Handler
 .text.MemManage_Handler
                0x080018c0        0x8 ./Core/Src/stm32f4xx_it.o
                0x080018c0                MemManage_Handler
 .text.BusFault_Handler
                0x080018c8        0x8 ./Core/Src/stm32f4xx_it.o
                0x080018c8                BusFault_Handler
 .text.UsageFault_Handler
                0x080018d0        0x8 ./Core/Src/stm32f4xx_it.o
                0x080018d0                UsageFault_Handler
 .text.SVC_Handler
                0x080018d8        0xe ./Core/Src/stm32f4xx_it.o
                0x080018d8                SVC_Handler
 .text.DebugMon_Handler
                0x080018e6        0xe ./Core/Src/stm32f4xx_it.o
                0x080018e6                DebugMon_Handler
 .text.PendSV_Handler
                0x080018f4        0xe ./Core/Src/stm32f4xx_it.o
                0x080018f4                PendSV_Handler
 .text.SysTick_Handler
                0x08001902        0xc ./Core/Src/stm32f4xx_it.o
                0x08001902                SysTick_Handler
 *fill*         0x0800190e        0x2 
 .text.TIM1_BRK_TIM9_IRQHandler
                0x08001910       0x14 ./Core/Src/stm32f4xx_it.o
                0x08001910                TIM1_BRK_TIM9_IRQHandler
 .text.OTG_FS_IRQHandler
                0x08001924       0x14 ./Core/Src/stm32f4xx_it.o
                0x08001924                OTG_FS_IRQHandler
 .text.SystemInit
                0x08001938       0x24 ./Core/Src/system_stm32f4xx.o
                0x08001938                SystemInit
 .text.MX_TIM9_Init
                0x0800195c       0x74 ./Core/Src/tim.o
                0x0800195c                MX_TIM9_Init
 .text.HAL_TIM_Base_MspInit
                0x080019d0       0x50 ./Core/Src/tim.o
                0x080019d0                HAL_TIM_Base_MspInit
 .text.Reset_Handler
                0x08001a20       0x50 ./Core/Startup/startup_stm32f407vgtx.o
                0x08001a20                Reset_Handler
 .text.Default_Handler
                0x08001a70        0x2 ./Core/Startup/startup_stm32f407vgtx.o
                0x08001a70                RTC_Alarm_IRQHandler
                0x08001a70                HASH_RNG_IRQHandler
                0x08001a70                EXTI2_IRQHandler
                0x08001a70                TIM8_CC_IRQHandler
                0x08001a70                TIM1_CC_IRQHandler
                0x08001a70                DMA2_Stream5_IRQHandler
                0x08001a70                DMA1_Stream5_IRQHandler
                0x08001a70                PVD_IRQHandler
                0x08001a70                SDIO_IRQHandler
                0x08001a70                TAMP_STAMP_IRQHandler
                0x08001a70                CAN2_RX1_IRQHandler
                0x08001a70                EXTI3_IRQHandler
                0x08001a70                TIM8_TRG_COM_TIM14_IRQHandler
                0x08001a70                TIM1_UP_TIM10_IRQHandler
                0x08001a70                TIM8_UP_TIM13_IRQHandler
                0x08001a70                I2C3_ER_IRQHandler
                0x08001a70                EXTI0_IRQHandler
                0x08001a70                I2C2_EV_IRQHandler
                0x08001a70                DMA1_Stream2_IRQHandler
                0x08001a70                CAN1_RX0_IRQHandler
                0x08001a70                FPU_IRQHandler
                0x08001a70                OTG_HS_WKUP_IRQHandler
                0x08001a70                CAN2_SCE_IRQHandler
                0x08001a70                DMA2_Stream2_IRQHandler
                0x08001a70                SPI1_IRQHandler
                0x08001a70                TIM6_DAC_IRQHandler
                0x08001a70                DCMI_IRQHandler
                0x08001a70                CAN2_RX0_IRQHandler
                0x08001a70                DMA2_Stream3_IRQHandler
                0x08001a70                USART6_IRQHandler
                0x08001a70                USART3_IRQHandler
                0x08001a70                CAN1_RX1_IRQHandler
                0x08001a70                UART5_IRQHandler
                0x08001a70                DMA2_Stream0_IRQHandler
                0x08001a70                TIM4_IRQHandler
                0x08001a70                I2C1_EV_IRQHandler
                0x08001a70                DMA1_Stream6_IRQHandler
                0x08001a70                DMA1_Stream1_IRQHandler
                0x08001a70                UART4_IRQHandler
                0x08001a70                TIM3_IRQHandler
                0x08001a70                RCC_IRQHandler
                0x08001a70                TIM8_BRK_TIM12_IRQHandler
                0x08001a70                Default_Handler
                0x08001a70                EXTI15_10_IRQHandler
                0x08001a70                ADC_IRQHandler
                0x08001a70                DMA1_Stream7_IRQHandler
                0x08001a70                TIM7_IRQHandler
                0x08001a70                CAN2_TX_IRQHandler
                0x08001a70                TIM5_IRQHandler
                0x08001a70                DMA2_Stream7_IRQHandler
                0x08001a70                I2C3_EV_IRQHandler
                0x08001a70                EXTI9_5_IRQHandler
                0x08001a70                RTC_WKUP_IRQHandler
                0x08001a70                ETH_WKUP_IRQHandler
                0x08001a70                SPI2_IRQHandler
                0x08001a70                OTG_HS_EP1_IN_IRQHandler
                0x08001a70                DMA1_Stream0_IRQHandler
                0x08001a70                CAN1_TX_IRQHandler
                0x08001a70                EXTI4_IRQHandler
                0x08001a70                FSMC_IRQHandler
                0x08001a70                ETH_IRQHandler
                0x08001a70                OTG_HS_EP1_OUT_IRQHandler
                0x08001a70                WWDG_IRQHandler
                0x08001a70                TIM2_IRQHandler
                0x08001a70                OTG_FS_WKUP_IRQHandler
                0x08001a70                TIM1_TRG_COM_TIM11_IRQHandler
                0x08001a70                OTG_HS_IRQHandler
                0x08001a70                EXTI1_IRQHandler
                0x08001a70                USART2_IRQHandler
                0x08001a70                I2C2_ER_IRQHandler
                0x08001a70                DMA2_Stream1_IRQHandler
                0x08001a70                CAN1_SCE_IRQHandler
                0x08001a70                FLASH_IRQHandler
                0x08001a70                DMA2_Stream4_IRQHandler
                0x08001a70                USART1_IRQHandler
                0x08001a70                SPI3_IRQHandler
                0x08001a70                DMA1_Stream4_IRQHandler
                0x08001a70                I2C1_ER_IRQHandler
                0x08001a70                DMA2_Stream6_IRQHandler
                0x08001a70                DMA1_Stream3_IRQHandler
 *fill*         0x08001a72        0x2 
 .text.HAL_Init
                0x08001a74       0x44 ./Drivers/STM32F4xx_HAL_Driver/Src/stm32f4xx_hal.o
                0x08001a74                HAL_Init
 .text.HAL_InitTick
                0x08001ab8       0x60 ./Drivers/STM32F4xx_HAL_Driver/Src/stm32f4xx_hal.o
                0x08001ab8                HAL_InitTick
 .text.HAL_IncTick
                0x08001b18       0x28 ./Drivers/STM32F4xx_HAL_Driver/Src/stm32f4xx_hal.o
                0x08001b18                HAL_IncTick
 .text.HAL_GetTick
                0x08001b40       0x18 ./Drivers/STM32F4xx_HAL_Driver/Src/stm32f4xx_hal.o
                0x08001b40                HAL_GetTick
 .text.HAL_Delay
                0x08001b58       0x48 ./Drivers/STM32F4xx_HAL_Driver/Src/stm32f4xx_hal.o
                0x08001b58                HAL_Delay
 .text.__NVIC_SetPriorityGrouping
                0x08001ba0       0x48 ./Drivers/STM32F4xx_HAL_Driver/Src/stm32f4xx_hal_cortex.o
 .text.__NVIC_GetPriorityGrouping
                0x08001be8       0x1c ./Drivers/STM32F4xx_HAL_Driver/Src/stm32f4xx_hal_cortex.o
 .text.__NVIC_EnableIRQ
                0x08001c04       0x3c ./Drivers/STM32F4xx_HAL_Driver/Src/stm32f4xx_hal_cortex.o
 .text.__NVIC_SetPriority
                0x08001c40       0x54 ./Drivers/STM32F4xx_HAL_Driver/Src/stm32f4xx_hal_cortex.o
 .text.NVIC_EncodePriority
                0x08001c94       0x66 ./Drivers/STM32F4xx_HAL_Driver/Src/stm32f4xx_hal_cortex.o
 *fill*         0x08001cfa        0x2 
 .text.SysTick_Config
                0x08001cfc       0x44 ./Drivers/STM32F4xx_HAL_Driver/Src/stm32f4xx_hal_cortex.o
 .text.HAL_NVIC_SetPriorityGrouping
                0x08001d40       0x16 ./Drivers/STM32F4xx_HAL_Driver/Src/stm32f4xx_hal_cortex.o
                0x08001d40                HAL_NVIC_SetPriorityGrouping
 .text.HAL_NVIC_SetPriority
                0x08001d56       0x38 ./Drivers/STM32F4xx_HAL_Driver/Src/stm32f4xx_hal_cortex.o
                0x08001d56                HAL_NVIC_SetPriority
 .text.HAL_NVIC_EnableIRQ
                0x08001d8e       0x1c ./Drivers/STM32F4xx_HAL_Driver/Src/stm32f4xx_hal_cortex.o
                0x08001d8e                HAL_NVIC_EnableIRQ
 .text.HAL_SYSTICK_Config
                0x08001daa       0x18 ./Drivers/STM32F4xx_HAL_Driver/Src/stm32f4xx_hal_cortex.o
                0x08001daa                HAL_SYSTICK_Config
 *fill*         0x08001dc2        0x2 
 .text.HAL_GPIO_Init
                0x08001dc4      0x338 ./Drivers/STM32F4xx_HAL_Driver/Src/stm32f4xx_hal_gpio.o
                0x08001dc4                HAL_GPIO_Init
 .text.HAL_GPIO_DeInit
                0x080020fc      0x1f8 ./Drivers/STM32F4xx_HAL_Driver/Src/stm32f4xx_hal_gpio.o
                0x080020fc                HAL_GPIO_DeInit
 .text.HAL_GPIO_WritePin
                0x080022f4       0x32 ./Drivers/STM32F4xx_HAL_Driver/Src/stm32f4xx_hal_gpio.o
                0x080022f4                HAL_GPIO_WritePin
 *fill*         0x08002326        0x2 
 .text.HAL_I2C_Init
                0x08002328      0x288 ./Drivers/STM32F4xx_HAL_Driver/Src/stm32f4xx_hal_i2c.o
                0x08002328                HAL_I2C_Init
 .text.HAL_PCD_Init
                0x080025b0      0x21e ./Drivers/STM32F4xx_HAL_Driver/Src/stm32f4xx_hal_pcd.o
                0x080025b0                HAL_PCD_Init
 .text.HAL_PCD_Start
                0x080027ce       0x6a ./Drivers/STM32F4xx_HAL_Driver/Src/stm32f4xx_hal_pcd.o
                0x080027ce                HAL_PCD_Start
 .text.HAL_PCD_IRQHandler
                0x08002838      0x942 ./Drivers/STM32F4xx_HAL_Driver/Src/stm32f4xx_hal_pcd.o
                0x08002838                HAL_PCD_IRQHandler
 .text.HAL_PCD_SetAddress
                0x0800317a       0x48 ./Drivers/STM32F4xx_HAL_Driver/Src/stm32f4xx_hal_pcd.o
                0x0800317a                HAL_PCD_SetAddress
 .text.HAL_PCD_EP_Open
                0x080031c2       0xd4 ./Drivers/STM32F4xx_HAL_Driver/Src/stm32f4xx_hal_pcd.o
                0x080031c2                HAL_PCD_EP_Open
 .text.HAL_PCD_EP_Close
                0x08003296       0x94 ./Drivers/STM32F4xx_HAL_Driver/Src/stm32f4xx_hal_pcd.o
                0x08003296                HAL_PCD_EP_Close
 .text.HAL_PCD_EP_Receive
                0x0800332a       0x76 ./Drivers/STM32F4xx_HAL_Driver/Src/stm32f4xx_hal_pcd.o
                0x0800332a                HAL_PCD_EP_Receive
 .text.HAL_PCD_EP_GetRxCount
                0x080033a0       0x30 ./Drivers/STM32F4xx_HAL_Driver/Src/stm32f4xx_hal_pcd.o
                0x080033a0                HAL_PCD_EP_GetRxCount
 .text.HAL_PCD_EP_Transmit
                0x080033d0       0x74 ./Drivers/STM32F4xx_HAL_Driver/Src/stm32f4xx_hal_pcd.o
                0x080033d0                HAL_PCD_EP_Transmit
 .text.HAL_PCD_EP_SetStall
                0x08003444       0xc6 ./Drivers/STM32F4xx_HAL_Driver/Src/stm32f4xx_hal_pcd.o
                0x08003444                HAL_PCD_EP_SetStall
 .text.HAL_PCD_EP_ClrStall
                0x0800350a       0xac ./Drivers/STM32F4xx_HAL_Driver/Src/stm32f4xx_hal_pcd.o
                0x0800350a                HAL_PCD_EP_ClrStall
 .text.HAL_PCD_EP_Abort
                0x080035b6       0x62 ./Drivers/STM32F4xx_HAL_Driver/Src/stm32f4xx_hal_pcd.o
                0x080035b6                HAL_PCD_EP_Abort
 .text.PCD_WriteEmptyTxFifo
                0x08003618      0x118 ./Drivers/STM32F4xx_HAL_Driver/Src/stm32f4xx_hal_pcd.o
 .text.PCD_EP_OutXfrComplete_int
                0x08003730      0x1d0 ./Drivers/STM32F4xx_HAL_Driver/Src/stm32f4xx_hal_pcd.o
 .text.PCD_EP_OutSetupPacket_int
                0x08003900       0x8c ./Drivers/STM32F4xx_HAL_Driver/Src/stm32f4xx_hal_pcd.o
 .text.HAL_PCDEx_SetTxFiFo
                0x0800398c       0x8e ./Drivers/STM32F4xx_HAL_Driver/Src/stm32f4xx_hal_pcd_ex.o
                0x0800398c                HAL_PCDEx_SetTxFiFo
 .text.HAL_PCDEx_SetRxFiFo
                0x08003a1a       0x22 ./Drivers/STM32F4xx_HAL_Driver/Src/stm32f4xx_hal_pcd_ex.o
                0x08003a1a                HAL_PCDEx_SetRxFiFo
 .text.HAL_PCDEx_LPM_Callback
                0x08003a3c       0x18 ./Drivers/STM32F4xx_HAL_Driver/Src/stm32f4xx_hal_pcd_ex.o
                0x08003a3c                HAL_PCDEx_LPM_Callback
 .text.HAL_RCC_OscConfig
                0x08003a54      0x4f0 ./Drivers/STM32F4xx_HAL_Driver/Src/stm32f4xx_hal_rcc.o
                0x08003a54                HAL_RCC_OscConfig
 .text.HAL_RCC_ClockConfig
                0x08003f44      0x1cc ./Drivers/STM32F4xx_HAL_Driver/Src/stm32f4xx_hal_rcc.o
                0x08003f44                HAL_RCC_ClockConfig
 .text.HAL_RCC_GetSysClockFreq
                0x08004110      0x20c ./Drivers/STM32F4xx_HAL_Driver/Src/stm32f4xx_hal_rcc.o
                0x08004110                HAL_RCC_GetSysClockFreq
 .text.HAL_RCC_GetHCLKFreq
                0x0800431c       0x18 ./Drivers/STM32F4xx_HAL_Driver/Src/stm32f4xx_hal_rcc.o
                0x0800431c                HAL_RCC_GetHCLKFreq
 .text.HAL_RCC_GetPCLK1Freq
                0x08004334       0x28 ./Drivers/STM32F4xx_HAL_Driver/Src/stm32f4xx_hal_rcc.o
                0x08004334                HAL_RCC_GetPCLK1Freq
 .text.HAL_SPI_Init
                0x0800435c      0x112 ./Drivers/STM32F4xx_HAL_Driver/Src/stm32f4xx_hal_spi.o
                0x0800435c                HAL_SPI_Init
 .text.HAL_SPI_DeInit
                0x0800446e       0x50 ./Drivers/STM32F4xx_HAL_Driver/Src/stm32f4xx_hal_spi.o
                0x0800446e                HAL_SPI_DeInit
 .text.HAL_SPI_TransmitReceive
                0x080044be      0x352 ./Drivers/STM32F4xx_HAL_Driver/Src/stm32f4xx_hal_spi.o
                0x080044be                HAL_SPI_TransmitReceive
 .text.HAL_SPI_GetState
                0x08004810       0x1c ./Drivers/STM32F4xx_HAL_Driver/Src/stm32f4xx_hal_spi.o
                0x08004810                HAL_SPI_GetState
 .text.SPI_WaitFlagStateUntilTimeout
                0x0800482c      0x110 ./Drivers/STM32F4xx_HAL_Driver/Src/stm32f4xx_hal_spi.o
 .text.SPI_EndRxTxTransaction
                0x0800493c       0xa8 ./Drivers/STM32F4xx_HAL_Driver/Src/stm32f4xx_hal_spi.o
 .text.HAL_TIM_Base_Init
                0x080049e4       0x9e ./Drivers/STM32F4xx_HAL_Driver/Src/stm32f4xx_hal_tim.o
                0x080049e4                HAL_TIM_Base_Init
 *fill*         0x08004a82        0x2 
 .text.HAL_TIM_Base_Start_IT
                0x08004a84       0xe0 ./Drivers/STM32F4xx_HAL_Driver/Src/stm32f4xx_hal_tim.o
                0x08004a84                HAL_TIM_Base_Start_IT
 .text.HAL_TIM_IRQHandler
                0x08004b64      0x1e0 ./Drivers/STM32F4xx_HAL_Driver/Src/stm32f4xx_hal_tim.o
                0x08004b64                HAL_TIM_IRQHandler
 .text.HAL_TIM_ConfigClockSource
                0x08004d44      0x18e ./Drivers/STM32F4xx_HAL_Driver/Src/stm32f4xx_hal_tim.o
                0x08004d44                HAL_TIM_ConfigClockSource
 .text.HAL_TIM_OC_DelayElapsedCallback
                0x08004ed2       0x14 ./Drivers/STM32F4xx_HAL_Driver/Src/stm32f4xx_hal_tim.o
                0x08004ed2                HAL_TIM_OC_DelayElapsedCallback
 .text.HAL_TIM_IC_CaptureCallback
                0x08004ee6       0x14 ./Drivers/STM32F4xx_HAL_Driver/Src/stm32f4xx_hal_tim.o
                0x08004ee6                HAL_TIM_IC_CaptureCallback
 .text.HAL_TIM_PWM_PulseFinishedCallback
                0x08004efa       0x14 ./Drivers/STM32F4xx_HAL_Driver/Src/stm32f4xx_hal_tim.o
                0x08004efa                HAL_TIM_PWM_PulseFinishedCallback
 .text.HAL_TIM_TriggerCallback
                0x08004f0e       0x14 ./Drivers/STM32F4xx_HAL_Driver/Src/stm32f4xx_hal_tim.o
                0x08004f0e                HAL_TIM_TriggerCallback
 *fill*         0x08004f22        0x2 
 .text.TIM_Base_SetConfig
                0x08004f24      0x158 ./Drivers/STM32F4xx_HAL_Driver/Src/stm32f4xx_hal_tim.o
                0x08004f24                TIM_Base_SetConfig
 .text.TIM_TI1_ConfigInputStage
                0x0800507c       0x5e ./Drivers/STM32F4xx_HAL_Driver/Src/stm32f4xx_hal_tim.o
 .text.TIM_TI2_ConfigInputStage
                0x080050da       0x60 ./Drivers/STM32F4xx_HAL_Driver/Src/stm32f4xx_hal_tim.o
 .text.TIM_ITRx_SetConfig
                0x0800513a       0x36 ./Drivers/STM32F4xx_HAL_Driver/Src/stm32f4xx_hal_tim.o
 .text.TIM_ETR_SetConfig
                0x08005170       0x40 ./Drivers/STM32F4xx_HAL_Driver/Src/stm32f4xx_hal_tim.o
                0x08005170                TIM_ETR_SetConfig
 .text.HAL_TIMEx_CommutCallback
                0x080051b0       0x14 ./Drivers/STM32F4xx_HAL_Driver/Src/stm32f4xx_hal_tim_ex.o
                0x080051b0                HAL_TIMEx_CommutCallback
 .text.HAL_TIMEx_BreakCallback
                0x080051c4       0x14 ./Drivers/STM32F4xx_HAL_Driver/Src/stm32f4xx_hal_tim_ex.o
                0x080051c4                HAL_TIMEx_BreakCallback
 .text.USB_CoreInit
                0x080051d8       0xc8 ./Drivers/STM32F4xx_HAL_Driver/Src/stm32f4xx_ll_usb.o
                0x080051d8                USB_CoreInit
 .text.USB_SetTurnaroundTime
                0x080052a0      0x144 ./Drivers/STM32F4xx_HAL_Driver/Src/stm32f4xx_ll_usb.o
                0x080052a0                USB_SetTurnaroundTime
 .text.USB_EnableGlobalInt
                0x080053e4       0x22 ./Drivers/STM32F4xx_HAL_Driver/Src/stm32f4xx_ll_usb.o
                0x080053e4                USB_EnableGlobalInt
 .text.USB_DisableGlobalInt
                0x08005406       0x22 ./Drivers/STM32F4xx_HAL_Driver/Src/stm32f4xx_ll_usb.o
                0x08005406                USB_DisableGlobalInt
 .text.USB_SetCurrentMode
                0x08005428       0x98 ./Drivers/STM32F4xx_HAL_Driver/Src/stm32f4xx_ll_usb.o
                0x08005428                USB_SetCurrentMode
 .text.USB_DevInit
                0x080054c0      0x2c8 ./Drivers/STM32F4xx_HAL_Driver/Src/stm32f4xx_ll_usb.o
                0x080054c0                USB_DevInit
 .text.USB_FlushTxFifo
                0x08005788       0x64 ./Drivers/STM32F4xx_HAL_Driver/Src/stm32f4xx_ll_usb.o
                0x08005788                USB_FlushTxFifo
 .text.USB_FlushRxFifo
                0x080057ec       0x5c ./Drivers/STM32F4xx_HAL_Driver/Src/stm32f4xx_ll_usb.o
                0x080057ec                USB_FlushRxFifo
 .text.USB_SetDevSpeed
                0x08005848       0x32 ./Drivers/STM32F4xx_HAL_Driver/Src/stm32f4xx_ll_usb.o
                0x08005848                USB_SetDevSpeed
 .text.USB_GetDevSpeed
                0x0800587a       0x4a ./Drivers/STM32F4xx_HAL_Driver/Src/stm32f4xx_ll_usb.o
                0x0800587a                USB_GetDevSpeed
 .text.USB_ActivateEndpoint
                0x080058c4      0x10e ./Drivers/STM32F4xx_HAL_Driver/Src/stm32f4xx_ll_usb.o
                0x080058c4                USB_ActivateEndpoint
 *fill*         0x080059d2        0x2 
 .text.USB_DeactivateEndpoint
                0x080059d4      0x1b8 ./Drivers/STM32F4xx_HAL_Driver/Src/stm32f4xx_ll_usb.o
                0x080059d4                USB_DeactivateEndpoint
 .text.USB_EPStartXfer
                0x08005b8c      0x53c ./Drivers/STM32F4xx_HAL_Driver/Src/stm32f4xx_ll_usb.o
                0x08005b8c                USB_EPStartXfer
 .text.USB_EPStopXfer
                0x080060c8      0x154 ./Drivers/STM32F4xx_HAL_Driver/Src/stm32f4xx_ll_usb.o
                0x080060c8                USB_EPStopXfer
 .text.USB_WritePacket
                0x0800621c       0x7c ./Drivers/STM32F4xx_HAL_Driver/Src/stm32f4xx_ll_usb.o
                0x0800621c                USB_WritePacket
 .text.USB_ReadPacket
                0x08006298       0xb0 ./Drivers/STM32F4xx_HAL_Driver/Src/stm32f4xx_ll_usb.o
                0x08006298                USB_ReadPacket
 .text.USB_EPSetStall
                0x08006348       0xdc ./Drivers/STM32F4xx_HAL_Driver/Src/stm32f4xx_ll_usb.o
                0x08006348                USB_EPSetStall
 .text.USB_EPClearStall
                0x08006424       0xcc ./Drivers/STM32F4xx_HAL_Driver/Src/stm32f4xx_ll_usb.o
                0x08006424                USB_EPClearStall
 .text.USB_SetDevAddress
                0x080064f0       0x4c ./Drivers/STM32F4xx_HAL_Driver/Src/stm32f4xx_ll_usb.o
                0x080064f0                USB_SetDevAddress
 .text.USB_DevConnect
                0x0800653c       0x42 ./Drivers/STM32F4xx_HAL_Driver/Src/stm32f4xx_ll_usb.o
                0x0800653c                USB_DevConnect
 .text.USB_DevDisconnect
                0x0800657e       0x42 ./Drivers/STM32F4xx_HAL_Driver/Src/stm32f4xx_ll_usb.o
                0x0800657e                USB_DevDisconnect
 .text.USB_ReadInterrupts
                0x080065c0       0x26 ./Drivers/STM32F4xx_HAL_Driver/Src/stm32f4xx_ll_usb.o
                0x080065c0                USB_ReadInterrupts
 .text.USB_ReadDevAllOutEpInterrupt
                0x080065e6       0x34 ./Drivers/STM32F4xx_HAL_Driver/Src/stm32f4xx_ll_usb.o
                0x080065e6                USB_ReadDevAllOutEpInterrupt
 .text.USB_ReadDevAllInEpInterrupt
                0x0800661a       0x34 ./Drivers/STM32F4xx_HAL_Driver/Src/stm32f4xx_ll_usb.o
                0x0800661a                USB_ReadDevAllInEpInterrupt
 .text.USB_ReadDevOutEPInterrupt
                0x0800664e       0x3c ./Drivers/STM32F4xx_HAL_Driver/Src/stm32f4xx_ll_usb.o
                0x0800664e                USB_ReadDevOutEPInterrupt
 .text.USB_ReadDevInEPInterrupt
                0x0800668a       0x5c ./Drivers/STM32F4xx_HAL_Driver/Src/stm32f4xx_ll_usb.o
                0x0800668a                USB_ReadDevInEPInterrupt
 .text.USB_GetMode
                0x080066e6       0x1c ./Drivers/STM32F4xx_HAL_Driver/Src/stm32f4xx_ll_usb.o
                0x080066e6                USB_GetMode
 .text.USB_ActivateSetup
                0x08006702       0x46 ./Drivers/STM32F4xx_HAL_Driver/Src/stm32f4xx_ll_usb.o
                0x08006702                USB_ActivateSetup
 .text.USB_EP0_OutStart
                0x08006748       0xbc ./Drivers/STM32F4xx_HAL_Driver/Src/stm32f4xx_ll_usb.o
                0x08006748                USB_EP0_OutStart
 .text.USB_CoreReset
                0x08006804       0x62 ./Drivers/STM32F4xx_HAL_Driver/Src/stm32f4xx_ll_usb.o
 .text.UartSlave_Init
                0x08006866       0x3e ./Drivers/User/UartSlave/src/uartSlave.o
                0x08006866                UartSlave_Init
 .text.USBD_CDC_Init
                0x080068a4      0x1f0 ./Middlewares/ST/STM32_USB_Device_Library/Class/CDC/Src/usbd_cdc.o
 .text.USBD_CDC_DeInit
                0x08006a94      0x104 ./Middlewares/ST/STM32_USB_Device_Library/Class/CDC/Src/usbd_cdc.o
 .text.USBD_CDC_Setup
                0x08006b98      0x1b8 ./Middlewares/ST/STM32_USB_Device_Library/Class/CDC/Src/usbd_cdc.o
 .text.USBD_CDC_DataIn
                0x08006d50       0xfe ./Middlewares/ST/STM32_USB_Device_Library/Class/CDC/Src/usbd_cdc.o
 .text.USBD_CDC_DataOut
                0x08006e4e       0x70 ./Middlewares/ST/STM32_USB_Device_Library/Class/CDC/Src/usbd_cdc.o
 .text.USBD_CDC_EP0_RxReady
                0x08006ebe       0x74 ./Middlewares/ST/STM32_USB_Device_Library/Class/CDC/Src/usbd_cdc.o
 *fill*         0x08006f32        0x2 
 .text.USBD_CDC_GetFSCfgDesc
                0x08006f34       0x70 ./Middlewares/ST/STM32_USB_Device_Library/Class/CDC/Src/usbd_cdc.o
 .text.USBD_CDC_GetHSCfgDesc
                0x08006fa4       0x70 ./Middlewares/ST/STM32_USB_Device_Library/Class/CDC/Src/usbd_cdc.o
 .text.USBD_CDC_GetOtherSpeedCfgDesc
                0x08007014       0x70 ./Middlewares/ST/STM32_USB_Device_Library/Class/CDC/Src/usbd_cdc.o
 .text.USBD_CDC_GetDeviceQualifierDescriptor
                0x08007084       0x20 ./Middlewares/ST/STM32_USB_Device_Library/Class/CDC/Src/usbd_cdc.o
                0x08007084                USBD_CDC_GetDeviceQualifierDescriptor
 .text.USBD_CDC_RegisterInterface
                0x080070a4       0x34 ./Middlewares/ST/STM32_USB_Device_Library/Class/CDC/Src/usbd_cdc.o
                0x080070a4                USBD_CDC_RegisterInterface
 .text.USBD_CDC_SetTxBuffer
                0x080070d8       0x44 ./Middlewares/ST/STM32_USB_Device_Library/Class/CDC/Src/usbd_cdc.o
                0x080070d8                USBD_CDC_SetTxBuffer
 .text.USBD_CDC_SetRxBuffer
                0x0800711c       0x3a ./Middlewares/ST/STM32_USB_Device_Library/Class/CDC/Src/usbd_cdc.o
                0x0800711c                USBD_CDC_SetRxBuffer
 *fill*         0x08007156        0x2 
 .text.USBD_CDC_TransmitPacket
                0x08007158       0x80 ./Middlewares/ST/STM32_USB_Device_Library/Class/CDC/Src/usbd_cdc.o
                0x08007158                USBD_CDC_TransmitPacket
 .text.USBD_CDC_ReceivePacket
                0x080071d8       0x6c ./Middlewares/ST/STM32_USB_Device_Library/Class/CDC/Src/usbd_cdc.o
                0x080071d8                USBD_CDC_ReceivePacket
 .text.USBD_Init
                0x08007244       0x60 ./Middlewares/ST/STM32_USB_Device_Library/Core/Src/usbd_core.o
                0x08007244                USBD_Init
 .text.USBD_RegisterClass
                0x080072a4       0x6c ./Middlewares/ST/STM32_USB_Device_Library/Core/Src/usbd_core.o
                0x080072a4                USBD_RegisterClass
 .text.USBD_Start
                0x08007310       0x18 ./Middlewares/ST/STM32_USB_Device_Library/Core/Src/usbd_core.o
                0x08007310                USBD_Start
 .text.USBD_RunTestMode
                0x08007328       0x16 ./Middlewares/ST/STM32_USB_Device_Library/Core/Src/usbd_core.o
                0x08007328                USBD_RunTestMode
 .text.USBD_SetClassConfig
                0x0800733e       0x38 ./Middlewares/ST/STM32_USB_Device_Library/Core/Src/usbd_core.o
                0x0800733e                USBD_SetClassConfig
 .text.USBD_ClrClassConfig
                0x08007376       0x34 ./Middlewares/ST/STM32_USB_Device_Library/Core/Src/usbd_core.o
                0x08007376                USBD_ClrClassConfig
 .text.USBD_LL_SetupStage
                0x080073aa       0xaa ./Middlewares/ST/STM32_USB_Device_Library/Core/Src/usbd_core.o
                0x080073aa                USBD_LL_SetupStage
 .text.USBD_LL_DataOutStage
                0x08007454      0x166 ./Middlewares/ST/STM32_USB_Device_Library/Core/Src/usbd_core.o
                0x08007454                USBD_LL_DataOutStage
 .text.USBD_LL_DataInStage
                0x080075ba      0x164 ./Middlewares/ST/STM32_USB_Device_Library/Core/Src/usbd_core.o
                0x080075ba                USBD_LL_DataInStage
 .text.USBD_LL_Reset
                0x0800771e       0xa4 ./Middlewares/ST/STM32_USB_Device_Library/Core/Src/usbd_core.o
                0x0800771e                USBD_LL_Reset
 .text.USBD_LL_SetSpeed
                0x080077c2       0x20 ./Middlewares/ST/STM32_USB_Device_Library/Core/Src/usbd_core.o
                0x080077c2                USBD_LL_SetSpeed
 .text.USBD_LL_Suspend
                0x080077e2       0x38 ./Middlewares/ST/STM32_USB_Device_Library/Core/Src/usbd_core.o
                0x080077e2                USBD_LL_Suspend
 .text.USBD_LL_Resume
                0x0800781a       0x30 ./Middlewares/ST/STM32_USB_Device_Library/Core/Src/usbd_core.o
                0x0800781a                USBD_LL_Resume
 .text.USBD_LL_SOF
                0x0800784a       0x40 ./Middlewares/ST/STM32_USB_Device_Library/Core/Src/usbd_core.o
                0x0800784a                USBD_LL_SOF
 .text.USBD_LL_IsoINIncomplete
                0x0800788a       0x64 ./Middlewares/ST/STM32_USB_Device_Library/Core/Src/usbd_core.o
                0x0800788a                USBD_LL_IsoINIncomplete
 .text.USBD_LL_IsoOUTIncomplete
                0x080078ee       0x64 ./Middlewares/ST/STM32_USB_Device_Library/Core/Src/usbd_core.o
                0x080078ee                USBD_LL_IsoOUTIncomplete
 .text.USBD_LL_DevConnected
                0x08007952       0x16 ./Middlewares/ST/STM32_USB_Device_Library/Core/Src/usbd_core.o
                0x08007952                USBD_LL_DevConnected
 .text.USBD_LL_DevDisconnected
                0x08007968       0x46 ./Middlewares/ST/STM32_USB_Device_Library/Core/Src/usbd_core.o
                0x08007968                USBD_LL_DevDisconnected
 .text.USBD_CoreFindIF
                0x080079ae       0x1a ./Middlewares/ST/STM32_USB_Device_Library/Core/Src/usbd_core.o
                0x080079ae                USBD_CoreFindIF
 .text.USBD_CoreFindEP
                0x080079c8       0x1a ./Middlewares/ST/STM32_USB_Device_Library/Core/Src/usbd_core.o
                0x080079c8                USBD_CoreFindEP
 .text.USBD_GetEpDesc
                0x080079e2       0x70 ./Middlewares/ST/STM32_USB_Device_Library/Core/Src/usbd_core.o
                0x080079e2                USBD_GetEpDesc
 .text.USBD_GetNextDesc
                0x08007a52       0x38 ./Middlewares/ST/STM32_USB_Device_Library/Core/Src/usbd_core.o
                0x08007a52                USBD_GetNextDesc
 .text.SWAPBYTE
                0x08007a8a       0x3c ./Middlewares/ST/STM32_USB_Device_Library/Core/Src/usbd_ctlreq.o
 *fill*         0x08007ac6        0x2 
 .text.USBD_StdDevReq
                0x08007ac8       0xe4 ./Middlewares/ST/STM32_USB_Device_Library/Core/Src/usbd_ctlreq.o
                0x08007ac8                USBD_StdDevReq
 .text.USBD_StdItfReq
                0x08007bac       0xd8 ./Middlewares/ST/STM32_USB_Device_Library/Core/Src/usbd_ctlreq.o
                0x08007bac                USBD_StdItfReq
 .text.USBD_StdEPReq
                0x08007c84      0x33a ./Middlewares/ST/STM32_USB_Device_Library/Core/Src/usbd_ctlreq.o
                0x08007c84                USBD_StdEPReq
 *fill*         0x08007fbe        0x2 
 .text.USBD_GetDescriptor
                0x08007fc0      0x2d4 ./Middlewares/ST/STM32_USB_Device_Library/Core/Src/usbd_ctlreq.o
 .text.USBD_SetAddress
                0x08008294       0x88 ./Middlewares/ST/STM32_USB_Device_Library/Core/Src/usbd_ctlreq.o
 .text.USBD_SetConfig
                0x0800831c      0x154 ./Middlewares/ST/STM32_USB_Device_Library/Core/Src/usbd_ctlreq.o
 .text.USBD_GetConfig
                0x08008470       0x6c ./Middlewares/ST/STM32_USB_Device_Library/Core/Src/usbd_ctlreq.o
 .text.USBD_GetStatus
                0x080084dc       0x68 ./Middlewares/ST/STM32_USB_Device_Library/Core/Src/usbd_ctlreq.o
 .text.USBD_SetFeature
                0x08008544       0x52 ./Middlewares/ST/STM32_USB_Device_Library/Core/Src/usbd_ctlreq.o
 .text.USBD_ClrFeature
                0x08008596       0x44 ./Middlewares/ST/STM32_USB_Device_Library/Core/Src/usbd_ctlreq.o
 .text.USBD_ParseSetupRequest
                0x080085da       0x74 ./Middlewares/ST/STM32_USB_Device_Library/Core/Src/usbd_ctlreq.o
                0x080085da                USBD_ParseSetupRequest
 .text.USBD_CtlError
                0x0800864e       0x22 ./Middlewares/ST/STM32_USB_Device_Library/Core/Src/usbd_ctlreq.o
                0x0800864e                USBD_CtlError
 .text.USBD_GetString
                0x08008670       0xa4 ./Middlewares/ST/STM32_USB_Device_Library/Core/Src/usbd_ctlreq.o
                0x08008670                USBD_GetString
 .text.USBD_GetLen
                0x08008714       0x34 ./Middlewares/ST/STM32_USB_Device_Library/Core/Src/usbd_ctlreq.o
 .text.USBD_CtlSendData
                0x08008748       0x36 ./Middlewares/ST/STM32_USB_Device_Library/Core/Src/usbd_ioreq.o
                0x08008748                USBD_CtlSendData
 .text.USBD_CtlContinueSendData
                0x0800877e       0x22 ./Middlewares/ST/STM32_USB_Device_Library/Core/Src/usbd_ioreq.o
                0x0800877e                USBD_CtlContinueSendData
 .text.USBD_CtlPrepareRx
                0x080087a0       0x3a ./Middlewares/ST/STM32_USB_Device_Library/Core/Src/usbd_ioreq.o
                0x080087a0                USBD_CtlPrepareRx
 .text.USBD_CtlContinueRx
                0x080087da       0x22 ./Middlewares/ST/STM32_USB_Device_Library/Core/Src/usbd_ioreq.o
                0x080087da                USBD_CtlContinueRx
 .text.USBD_CtlSendStatus
                0x080087fc       0x26 ./Middlewares/ST/STM32_USB_Device_Library/Core/Src/usbd_ioreq.o
                0x080087fc                USBD_CtlSendStatus
 .text.USBD_CtlReceiveStatus
                0x08008822       0x26 ./Middlewares/ST/STM32_USB_Device_Library/Core/Src/usbd_ioreq.o
                0x08008822                USBD_CtlReceiveStatus
 .text.MX_USB_DEVICE_Init
                0x08008848       0x60 ./USB_DEVICE/App/usb_device.o
                0x08008848                MX_USB_DEVICE_Init
 .text.CDC_Init_FS
                0x080088a8       0x28 ./USB_DEVICE/App/usbd_cdc_if.o
 .text.CDC_DeInit_FS
                0x080088d0       0x10 ./USB_DEVICE/App/usbd_cdc_if.o
 .text.CDC_Control_FS
                0x080088e0       0xbc ./USB_DEVICE/App/usbd_cdc_if.o
 .text.CDC_Receive_FS
                0x0800899c       0x28 ./USB_DEVICE/App/usbd_cdc_if.o
 .text.CDC_Transmit_FS
                0x080089c4       0x4c ./USB_DEVICE/App/usbd_cdc_if.o
                0x080089c4                CDC_Transmit_FS
 .text.CDC_TransmitCplt_FS
                0x08008a10       0x22 ./USB_DEVICE/App/usbd_cdc_if.o
 *fill*         0x08008a32        0x2 
 .text.USBD_FS_DeviceDescriptor
                0x08008a34       0x24 ./USB_DEVICE/App/usbd_desc.o
                0x08008a34                USBD_FS_DeviceDescriptor
 .text.USBD_FS_LangIDStrDescriptor
                0x08008a58       0x24 ./USB_DEVICE/App/usbd_desc.o
                0x08008a58                USBD_FS_LangIDStrDescriptor
 .text.USBD_FS_ProductStrDescriptor
                0x08008a7c       0x3c ./USB_DEVICE/App/usbd_desc.o
                0x08008a7c                USBD_FS_ProductStrDescriptor
 .text.USBD_FS_ManufacturerStrDescriptor
                0x08008ab8       0x28 ./USB_DEVICE/App/usbd_desc.o
                0x08008ab8                USBD_FS_ManufacturerStrDescriptor
 .text.USBD_FS_SerialStrDescriptor
                0x08008ae0       0x24 ./USB_DEVICE/App/usbd_desc.o
                0x08008ae0                USBD_FS_SerialStrDescriptor
 .text.USBD_FS_ConfigStrDescriptor
                0x08008b04       0x3c ./USB_DEVICE/App/usbd_desc.o
                0x08008b04                USBD_FS_ConfigStrDescriptor
 .text.USBD_FS_InterfaceStrDescriptor
                0x08008b40       0x3c ./USB_DEVICE/App/usbd_desc.o
                0x08008b40                USBD_FS_InterfaceStrDescriptor
 .text.Get_SerialNum
                0x08008b7c       0x58 ./USB_DEVICE/App/usbd_desc.o
 .text.IntToUnicode
                0x08008bd4       0x7e ./USB_DEVICE/App/usbd_desc.o
 *fill*         0x08008c52        0x2 
 .text.HAL_PCD_MspInit
                0x08008c54       0xc4 ./USB_DEVICE/Target/usbd_conf.o
                0x08008c54                HAL_PCD_MspInit
 .text.HAL_PCD_SetupStageCallback
                0x08008d18       0x24 ./USB_DEVICE/Target/usbd_conf.o
                0x08008d18                HAL_PCD_SetupStageCallback
 .text.HAL_PCD_DataOutStageCallback
                0x08008d3c       0x36 ./USB_DEVICE/Target/usbd_conf.o
                0x08008d3c                HAL_PCD_DataOutStageCallback
 .text.HAL_PCD_DataInStageCallback
                0x08008d72       0x34 ./USB_DEVICE/Target/usbd_conf.o
                0x08008d72                HAL_PCD_DataInStageCallback
 .text.HAL_PCD_SOFCallback
                0x08008da6       0x1c ./USB_DEVICE/Target/usbd_conf.o
                0x08008da6                HAL_PCD_SOFCallback
 .text.HAL_PCD_ResetCallback
                0x08008dc2       0x50 ./USB_DEVICE/Target/usbd_conf.o
                0x08008dc2                HAL_PCD_ResetCallback
 *fill*         0x08008e12        0x2 
 .text.HAL_PCD_SuspendCallback
                0x08008e14       0x4c ./USB_DEVICE/Target/usbd_conf.o
                0x08008e14                HAL_PCD_SuspendCallback
 .text.HAL_PCD_ResumeCallback
                0x08008e60       0x1c ./USB_DEVICE/Target/usbd_conf.o
                0x08008e60                HAL_PCD_ResumeCallback
 .text.HAL_PCD_ISOOUTIncompleteCallback
                0x08008e7c       0x24 ./USB_DEVICE/Target/usbd_conf.o
                0x08008e7c                HAL_PCD_ISOOUTIncompleteCallback
 .text.HAL_PCD_ISOINIncompleteCallback
                0x08008ea0       0x24 ./USB_DEVICE/Target/usbd_conf.o
                0x08008ea0                HAL_PCD_ISOINIncompleteCallback
 .text.HAL_PCD_ConnectCallback
                0x08008ec4       0x1c ./USB_DEVICE/Target/usbd_conf.o
                0x08008ec4                HAL_PCD_ConnectCallback
 .text.HAL_PCD_DisconnectCallback
                0x08008ee0       0x1c ./USB_DEVICE/Target/usbd_conf.o
                0x08008ee0                HAL_PCD_DisconnectCallback
 .text.USBD_LL_Init
                0x08008efc       0x98 ./USB_DEVICE/Target/usbd_conf.o
                0x08008efc                USBD_LL_Init
 .text.USBD_LL_Start
                0x08008f94       0x36 ./USB_DEVICE/Target/usbd_conf.o
                0x08008f94                USBD_LL_Start
 .text.USBD_LL_OpenEP
                0x08008fca       0x4c ./USB_DEVICE/Target/usbd_conf.o
                0x08008fca                USBD_LL_OpenEP
 .text.USBD_LL_CloseEP
                0x08009016       0x3e ./USB_DEVICE/Target/usbd_conf.o
                0x08009016                USBD_LL_CloseEP
 .text.USBD_LL_StallEP
                0x08009054       0x3e ./USB_DEVICE/Target/usbd_conf.o
                0x08009054                USBD_LL_StallEP
 .text.USBD_LL_ClearStallEP
                0x08009092       0x3e ./USB_DEVICE/Target/usbd_conf.o
                0x08009092                USBD_LL_ClearStallEP
 .text.USBD_LL_IsStallEP
                0x080090d0       0x58 ./USB_DEVICE/Target/usbd_conf.o
                0x080090d0                USBD_LL_IsStallEP
 .text.USBD_LL_SetUSBAddress
                0x08009128       0x3e ./USB_DEVICE/Target/usbd_conf.o
                0x08009128                USBD_LL_SetUSBAddress
 .text.USBD_LL_Transmit
                0x08009166       0x42 ./USB_DEVICE/Target/usbd_conf.o
                0x08009166                USBD_LL_Transmit
 .text.USBD_LL_PrepareReceive
                0x080091a8       0x42 ./USB_DEVICE/Target/usbd_conf.o
                0x080091a8                USBD_LL_PrepareReceive
 .text.USBD_LL_GetRxDataSize
                0x080091ea       0x26 ./USB_DEVICE/Target/usbd_conf.o
                0x080091ea                USBD_LL_GetRxDataSize
 .text.USBD_static_malloc
                0x08009210       0x1c ./USB_DEVICE/Target/usbd_conf.o
                0x08009210                USBD_static_malloc
 .text.USBD_static_free
                0x0800922c       0x14 ./USB_DEVICE/Target/usbd_conf.o
                0x0800922c                USBD_static_free
 .text.USBD_Get_USB_Status
                0x08009240       0x58 ./USB_DEVICE/Target/usbd_conf.o
                0x08009240                USBD_Get_USB_Status
 .text.memset   0x08009298       0x10 /home/aad/st/stm32cubeide_1.16.0/plugins/com.st.stm32cube.ide.mcu.externaltools.gnu-tools-for-stm32.12.3.rel1.linux64_1.0.200.202406132123/tools/bin/../lib/gcc/arm-none-eabi/12.3.1/../../../../arm-none-eabi/lib/thumb/v7e-m+fp/hard/libc_nano.a(libc_a-memset.o)
                0x08009298                memset
 .text.__libc_init_array
                0x080092a8       0x48 /home/aad/st/stm32cubeide_1.16.0/plugins/com.st.stm32cube.ide.mcu.externaltools.gnu-tools-for-stm32.12.3.rel1.linux64_1.0.200.202406132123/tools/bin/../lib/gcc/arm-none-eabi/12.3.1/../../../../arm-none-eabi/lib/thumb/v7e-m+fp/hard/libc_nano.a(libc_a-init.o)
                0x080092a8                __libc_init_array
 *(.glue_7)
 .glue_7        0x080092f0        0x0 linker stubs
 *(.glue_7t)
 .glue_7t       0x080092f0        0x0 linker stubs
 *(.eh_frame)
 .eh_frame      0x080092f0        0x0 /home/aad/st/stm32cubeide_1.16.0/plugins/com.st.stm32cube.ide.mcu.externaltools.gnu-tools-for-stm32.12.3.rel1.linux64_1.0.200.202406132123/tools/bin/../lib/gcc/arm-none-eabi/12.3.1/thumb/v7e-m+fp/hard/crtbegin.o
 *(.init)
 .init          0x080092f0        0x4 /home/aad/st/stm32cubeide_1.16.0/plugins/com.st.stm32cube.ide.mcu.externaltools.gnu-tools-for-stm32.12.3.rel1.linux64_1.0.200.202406132123/tools/bin/../lib/gcc/arm-none-eabi/12.3.1/thumb/v7e-m+fp/hard/crti.o
                0x080092f0                _init
 .init          0x080092f4        0x8 /home/aad/st/stm32cubeide_1.16.0/plugins/com.st.stm32cube.ide.mcu.externaltools.gnu-tools-for-stm32.12.3.rel1.linux64_1.0.200.202406132123/tools/bin/../lib/gcc/arm-none-eabi/12.3.1/thumb/v7e-m+fp/hard/crtn.o
 *(.fini)
 .fini          0x080092fc        0x4 /home/aad/st/stm32cubeide_1.16.0/plugins/com.st.stm32cube.ide.mcu.externaltools.gnu-tools-for-stm32.12.3.rel1.linux64_1.0.200.202406132123/tools/bin/../lib/gcc/arm-none-eabi/12.3.1/thumb/v7e-m+fp/hard/crti.o
                0x080092fc                _fini
 .fini          0x08009300        0x8 /home/aad/st/stm32cubeide_1.16.0/plugins/com.st.stm32cube.ide.mcu.externaltools.gnu-tools-for-stm32.12.3.rel1.linux64_1.0.200.202406132123/tools/bin/../lib/gcc/arm-none-eabi/12.3.1/thumb/v7e-m+fp/hard/crtn.o
                0x08009308                        . = ALIGN (0x4)
                0x08009308                        _etext = .

.vfp11_veneer   0x08009308        0x0
 .vfp11_veneer  0x08009308        0x0 linker stubs

.v4_bx          0x08009308        0x0
 .v4_bx         0x08009308        0x0 linker stubs

.iplt           0x08009308        0x0
 .iplt          0x08009308        0x0 /home/aad/st/stm32cubeide_1.16.0/plugins/com.st.stm32cube.ide.mcu.externaltools.gnu-tools-for-stm32.12.3.rel1.linux64_1.0.200.202406132123/tools/bin/../lib/gcc/arm-none-eabi/12.3.1/thumb/v7e-m+fp/hard/crtbegin.o

.rodata         0x08009308       0x60
                0x08009308                        . = ALIGN (0x4)
 *(.rodata)
 .rodata        0x08009308       0x46 ./USB_DEVICE/App/usbd_desc.o
 *(.rodata*)
 *fill*         0x0800934e        0x2 
 .rodata.AHBPrescTable
                0x08009350       0x10 ./Core/Src/system_stm32f4xx.o
                0x08009350                AHBPrescTable
 .rodata.APBPrescTable
                0x08009360        0x8 ./Core/Src/system_stm32f4xx.o
                0x08009360                APBPrescTable
                0x08009368                        . = ALIGN (0x4)

.ARM.extab      0x08009368        0x0
                0x08009368                        . = ALIGN (0x4)
 *(.ARM.extab* .gnu.linkonce.armextab.*)
                0x08009368                        . = ALIGN (0x4)

.ARM            0x08009368        0x8
                0x08009368                        . = ALIGN (0x4)
                0x08009368                        __exidx_start = .
 *(.ARM.exidx*)
 .ARM.exidx     0x08009368        0x8 /home/aad/st/stm32cubeide_1.16.0/plugins/com.st.stm32cube.ide.mcu.externaltools.gnu-tools-for-stm32.12.3.rel1.linux64_1.0.200.202406132123/tools/bin/../lib/gcc/arm-none-eabi/12.3.1/thumb/v7e-m+fp/hard/libgcc.a(_udivmoddi4.o)
                0x08009370                        __exidx_end = .
                0x08009370                        . = ALIGN (0x4)

.preinit_array  0x08009370        0x0
                0x08009370                        . = ALIGN (0x4)
                0x08009370                        PROVIDE (__preinit_array_start = .)
 *(.preinit_array*)
                0x08009370                        PROVIDE (__preinit_array_end = .)
                0x08009370                        . = ALIGN (0x4)

.init_array     0x08009370        0x4
                0x08009370                        . = ALIGN (0x4)
                0x08009370                        PROVIDE (__init_array_start = .)
 *(SORT_BY_NAME(.init_array.*))
 *(.init_array*)
 .init_array    0x08009370        0x4 /home/aad/st/stm32cubeide_1.16.0/plugins/com.st.stm32cube.ide.mcu.externaltools.gnu-tools-for-stm32.12.3.rel1.linux64_1.0.200.202406132123/tools/bin/../lib/gcc/arm-none-eabi/12.3.1/thumb/v7e-m+fp/hard/crtbegin.o
                0x08009374                        PROVIDE (__init_array_end = .)
                0x08009374                        . = ALIGN (0x4)

.fini_array     0x08009374        0x4
                0x08009374                        . = ALIGN (0x4)
                [!provide]                        PROVIDE (__fini_array_start = .)
 *(SORT_BY_NAME(.fini_array.*))
 *(.fini_array*)
 .fini_array    0x08009374        0x4 /home/aad/st/stm32cubeide_1.16.0/plugins/com.st.stm32cube.ide.mcu.externaltools.gnu-tools-for-stm32.12.3.rel1.linux64_1.0.200.202406132123/tools/bin/../lib/gcc/arm-none-eabi/12.3.1/thumb/v7e-m+fp/hard/crtbegin.o
                [!provide]                        PROVIDE (__fini_array_end = .)
                0x08009378                        . = ALIGN (0x4)
                0x08009378                        _sidata = LOADADDR (.data)

.rel.dyn        0x08009378        0x0
 .rel.iplt      0x08009378        0x0 /home/aad/st/stm32cubeide_1.16.0/plugins/com.st.stm32cube.ide.mcu.externaltools.gnu-tools-for-stm32.12.3.rel1.linux64_1.0.200.202406132123/tools/bin/../lib/gcc/arm-none-eabi/12.3.1/thumb/v7e-m+fp/hard/crtbegin.o

.data           0x20000000      0x178 load address 0x08009378
                0x20000000                        . = ALIGN (0x4)
                0x20000000                        _sdata = .
 *(.data)
 *(.data*)
 .data.Lis302dlDrv
                0x20000000       0x34 ./Components/lis302dl/lis302dl.o
                0x20000000                Lis302dlDrv
 .data.Lis3dshDrv
                0x20000034       0x34 ./Components/lis3dsh/lis3dsh.o
                0x20000034                Lis3dshDrv
 .data.uartSlaveAccelDeviceIoContext
                0x20000068       0x10 ./Core/Src/main.o
                0x20000068                uartSlaveAccelDeviceIoContext
 .data.SpixTimeout
                0x20000078        0x4 ./Core/Src/stm32f4_discovery.o
                0x20000078                SpixTimeout
 .data.SystemCoreClock
                0x2000007c        0x4 ./Core/Src/system_stm32f4xx.o
                0x2000007c                SystemCoreClock
 .data.uwTickPrio
                0x20000080        0x4 ./Drivers/STM32F4xx_HAL_Driver/Src/stm32f4xx_hal.o
                0x20000080                uwTickPrio
 .data.uwTickFreq
                0x20000084        0x1 ./Drivers/STM32F4xx_HAL_Driver/Src/stm32f4xx_hal.o
                0x20000084                uwTickFreq
 *fill*         0x20000085        0x3 
 .data.USBD_CDC_DeviceQualifierDesc
                0x20000088        0xa ./Middlewares/ST/STM32_USB_Device_Library/Class/CDC/Src/usbd_cdc.o
 *fill*         0x20000092        0x2 
 .data.USBD_CDC
                0x20000094       0x38 ./Middlewares/ST/STM32_USB_Device_Library/Class/CDC/Src/usbd_cdc.o
                0x20000094                USBD_CDC
 .data.USBD_CDC_CfgDesc
                0x200000cc       0x43 ./Middlewares/ST/STM32_USB_Device_Library/Class/CDC/Src/usbd_cdc.o
 .data.CDCInEpAdd
                0x2000010f        0x1 ./Middlewares/ST/STM32_USB_Device_Library/Class/CDC/Src/usbd_cdc.o
 .data.CDCOutEpAdd
                0x20000110        0x1 ./Middlewares/ST/STM32_USB_Device_Library/Class/CDC/Src/usbd_cdc.o
 .data.CDCCmdEpAdd
                0x20000111        0x1 ./Middlewares/ST/STM32_USB_Device_Library/Class/CDC/Src/usbd_cdc.o
 *fill*         0x20000112        0x2 
 .data.USBD_Interface_fops_FS
                0x20000114       0x14 ./USB_DEVICE/App/usbd_cdc_if.o
                0x20000114                USBD_Interface_fops_FS
 .data.FS_Desc  0x20000128       0x1c ./USB_DEVICE/App/usbd_desc.o
                0x20000128                FS_Desc
 .data.USBD_FS_DeviceDesc
                0x20000144       0x12 ./USB_DEVICE/App/usbd_desc.o
                0x20000144                USBD_FS_DeviceDesc
 *fill*         0x20000156        0x2 
 .data.USBD_LangIDDesc
                0x20000158        0x4 ./USB_DEVICE/App/usbd_desc.o
                0x20000158                USBD_LangIDDesc
 .data.USBD_StringSerial
                0x2000015c       0x1a ./USB_DEVICE/App/usbd_desc.o
                0x2000015c                USBD_StringSerial
 *(.RamFunc)
 *(.RamFunc*)
                0x20000178                        . = ALIGN (0x4)
 *fill*         0x20000176        0x2 
                0x20000178                        _edata = .
                0x080094f0                        _siccmram = LOADADDR (.ccmram)

.igot.plt       0x20000178        0x0 load address 0x080094f0
 .igot.plt      0x20000178        0x0 /home/aad/st/stm32cubeide_1.16.0/plugins/com.st.stm32cube.ide.mcu.externaltools.gnu-tools-for-stm32.12.3.rel1.linux64_1.0.200.202406132123/tools/bin/../lib/gcc/arm-none-eabi/12.3.1/thumb/v7e-m+fp/hard/crtbegin.o

.ccmram         0x10000000        0x0 load address 0x080094f0
                0x10000000                        . = ALIGN (0x4)
                0x10000000                        _sccmram = .
 *(.ccmram)
 *(.ccmram*)
                0x10000000                        . = ALIGN (0x4)
                0x10000000                        _eccmram = .
                0x10000000                        . = ALIGN (0x4)

.bss            0x20000178     0x29d0
                0x20000178                        _sbss = .
                0x20000178                        __bss_start__ = _sbss
 *(.bss)
 .bss           0x20000178       0x1c /home/aad/st/stm32cubeide_1.16.0/plugins/com.st.stm32cube.ide.mcu.externaltools.gnu-tools-for-stm32.12.3.rel1.linux64_1.0.200.202406132123/tools/bin/../lib/gcc/arm-none-eabi/12.3.1/thumb/v7e-m+fp/hard/crtbegin.o
 *(.bss*)
 .bss.txMessage
                0x20000194       0x18 ./Core/Src/UartSlaveAccel.o
 .bss.hi2c1     0x200001ac       0x54 ./Core/Src/i2c.o
                0x200001ac                hi2c1
 .bss.accelId   0x20000200        0x1 ./Core/Src/main.o
                0x20000200                accelId
 *fill*         0x20000201        0x3 
 .bss.idxUartSlave
                0x20000204        0x4 ./Core/Src/main.o
                0x20000204                idxUartSlave
 .bss.start_tick
                0x20000208        0x4 ./Core/Src/main.o
                0x20000208                start_tick
 .bss.tim9_elapsed
                0x2000020c        0x1 ./Core/Src/main.o
                0x2000020c                tim9_elapsed
 *fill*         0x2000020d        0x3 
 .bss.uartSlaveDevices
                0x20000210        0x8 ./Core/Src/main.o
                0x20000210                uartSlaveDevices
 .bss.uartSlaveAccelDevice
                0x20000218     0x104c ./Core/Src/main.o
                0x20000218                uartSlaveAccelDevice
 .bss.hspi1     0x20001264       0x58 ./Core/Src/spi.o
                0x20001264                hspi1
 .bss.SpiHandle
                0x200012bc       0x58 ./Core/Src/stm32f4_discovery.o
 .bss.AcceleroDrv
                0x20001314        0x4 ./Core/Src/stm32f4_discovery_accelerometer.o
 .bss.htim9     0x20001318       0x48 ./Core/Src/tim.o
                0x20001318                htim9
 .bss.uwTick    0x20001360        0x4 ./Drivers/STM32F4xx_HAL_Driver/Src/stm32f4xx_hal.o
                0x20001360                uwTick
 .bss.cfgidx.0  0x20001364        0x1 ./Middlewares/ST/STM32_USB_Device_Library/Core/Src/usbd_ctlreq.o
 *fill*         0x20001365        0x3 
 .bss.hUsbDeviceFS
                0x20001368      0x2dc ./USB_DEVICE/App/usb_device.o
                0x20001368                hUsbDeviceFS
 .bss.UserRxBufferFS
                0x20001644      0x400 ./USB_DEVICE/App/usbd_cdc_if.o
                0x20001644                UserRxBufferFS
 .bss.UserTxBufferFS
                0x20001a44      0x800 ./USB_DEVICE/App/usbd_cdc_if.o
                0x20001a44                UserTxBufferFS
 .bss.USBD_StrDesc
                0x20002244      0x200 ./USB_DEVICE/App/usbd_desc.o
                0x20002244                USBD_StrDesc
 .bss.hpcd_USB_OTG_FS
                0x20002444      0x4e4 ./USB_DEVICE/Target/usbd_conf.o
                0x20002444                hpcd_USB_OTG_FS
 .bss.mem.0     0x20002928      0x220 ./USB_DEVICE/Target/usbd_conf.o
 *(COMMON)
                0x20002b48                        . = ALIGN (0x4)
                0x20002b48                        _ebss = .
                0x20002b48                        __bss_end__ = _ebss

._user_heap_stack
                0x20002b48      0x600
                0x20002b48                        . = ALIGN (0x8)
                [!provide]                        PROVIDE (end = .)
                0x20002b48                        PROVIDE (_end = .)
                0x20002d48                        . = (. + _Min_Heap_Size)
 *fill*         0x20002b48      0x200 
                0x20003148                        . = (. + _Min_Stack_Size)
 *fill*         0x20002d48      0x400 
                0x20003148                        . = ALIGN (0x8)

/DISCARD/
 libc.a(*)
 libm.a(*)
 libgcc.a(*)

.ARM.attributes
                0x00000000       0x30
 *(.ARM.attributes)
 .ARM.attributes
                0x00000000       0x22 /home/aad/st/stm32cubeide_1.16.0/plugins/com.st.stm32cube.ide.mcu.externaltools.gnu-tools-for-stm32.12.3.rel1.linux64_1.0.200.202406132123/tools/bin/../lib/gcc/arm-none-eabi/12.3.1/thumb/v7e-m+fp/hard/crti.o
 .ARM.attributes
                0x00000022       0x34 /home/aad/st/stm32cubeide_1.16.0/plugins/com.st.stm32cube.ide.mcu.externaltools.gnu-tools-for-stm32.12.3.rel1.linux64_1.0.200.202406132123/tools/bin/../lib/gcc/arm-none-eabi/12.3.1/thumb/v7e-m+fp/hard/crtbegin.o
 .ARM.attributes
                0x00000056       0x34 ./Components/lis302dl/lis302dl.o
 .ARM.attributes
                0x0000008a       0x34 ./Components/lis3dsh/lis3dsh.o
 .ARM.attributes
                0x000000be       0x34 ./Core/DataStructures/ring_buffer/ring_buffer.o
 .ARM.attributes
                0x000000f2       0x34 ./Core/Src/UartSlaveAccel.o
 .ARM.attributes
                0x00000126       0x34 ./Core/Src/gpio.o
 .ARM.attributes
                0x0000015a       0x34 ./Core/Src/i2c.o
 .ARM.attributes
                0x0000018e       0x34 ./Core/Src/lowpass.o
 .ARM.attributes
                0x000001c2       0x34 ./Core/Src/main.o
 .ARM.attributes
                0x000001f6       0x34 ./Core/Src/spi.o
 .ARM.attributes
                0x0000022a       0x34 ./Core/Src/stm32f4_discovery.o
 .ARM.attributes
                0x0000025e       0x34 ./Core/Src/stm32f4_discovery_accelerometer.o
 .ARM.attributes
                0x00000292       0x34 ./Core/Src/stm32f4xx_hal_msp.o
 .ARM.attributes
                0x000002c6       0x34 ./Core/Src/stm32f4xx_it.o
 .ARM.attributes
                0x000002fa       0x34 ./Core/Src/system_stm32f4xx.o
 .ARM.attributes
                0x0000032e       0x34 ./Core/Src/tim.o
 .ARM.attributes
                0x00000362       0x21 ./Core/Startup/startup_stm32f407vgtx.o
 .ARM.attributes
                0x00000383       0x34 ./Drivers/STM32F4xx_HAL_Driver/Src/stm32f4xx_hal.o
 .ARM.attributes
                0x000003b7       0x34 ./Drivers/STM32F4xx_HAL_Driver/Src/stm32f4xx_hal_cortex.o
 .ARM.attributes
                0x000003eb       0x34 ./Drivers/STM32F4xx_HAL_Driver/Src/stm32f4xx_hal_gpio.o
 .ARM.attributes
                0x0000041f       0x34 ./Drivers/STM32F4xx_HAL_Driver/Src/stm32f4xx_hal_i2c.o
 .ARM.attributes
                0x00000453       0x34 ./Drivers/STM32F4xx_HAL_Driver/Src/stm32f4xx_hal_pcd.o
 .ARM.attributes
                0x00000487       0x34 ./Drivers/STM32F4xx_HAL_Driver/Src/stm32f4xx_hal_pcd_ex.o
 .ARM.attributes
                0x000004bb       0x34 ./Drivers/STM32F4xx_HAL_Driver/Src/stm32f4xx_hal_rcc.o
 .ARM.attributes
                0x000004ef       0x34 ./Drivers/STM32F4xx_HAL_Driver/Src/stm32f4xx_hal_spi.o
 .ARM.attributes
                0x00000523       0x34 ./Drivers/STM32F4xx_HAL_Driver/Src/stm32f4xx_hal_tim.o
 .ARM.attributes
                0x00000557       0x34 ./Drivers/STM32F4xx_HAL_Driver/Src/stm32f4xx_hal_tim_ex.o
 .ARM.attributes
                0x0000058b       0x34 ./Drivers/STM32F4xx_HAL_Driver/Src/stm32f4xx_ll_usb.o
 .ARM.attributes
                0x000005bf       0x34 ./Drivers/User/UartSlave/src/uartSlave.o
 .ARM.attributes
                0x000005f3       0x34 ./Middlewares/ST/STM32_USB_Device_Library/Class/CDC/Src/usbd_cdc.o
 .ARM.attributes
                0x00000627       0x34 ./Middlewares/ST/STM32_USB_Device_Library/Core/Src/usbd_core.o
 .ARM.attributes
                0x0000065b       0x34 ./Middlewares/ST/STM32_USB_Device_Library/Core/Src/usbd_ctlreq.o
 .ARM.attributes
                0x0000068f       0x34 ./Middlewares/ST/STM32_USB_Device_Library/Core/Src/usbd_ioreq.o
 .ARM.attributes
                0x000006c3       0x34 ./USB_DEVICE/App/usb_device.o
 .ARM.attributes
                0x000006f7       0x34 ./USB_DEVICE/App/usbd_cdc_if.o
 .ARM.attributes
                0x0000072b       0x34 ./USB_DEVICE/App/usbd_desc.o
 .ARM.attributes
                0x0000075f       0x34 ./USB_DEVICE/Target/usbd_conf.o
 .ARM.attributes
                0x00000793       0x34 /home/aad/st/stm32cubeide_1.16.0/plugins/com.st.stm32cube.ide.mcu.externaltools.gnu-tools-for-stm32.12.3.rel1.linux64_1.0.200.202406132123/tools/bin/../lib/gcc/arm-none-eabi/12.3.1/../../../../arm-none-eabi/lib/thumb/v7e-m+fp/hard/libc_nano.a(libc_a-memset.o)
 .ARM.attributes
                0x000007c7       0x34 /home/aad/st/stm32cubeide_1.16.0/plugins/com.st.stm32cube.ide.mcu.externaltools.gnu-tools-for-stm32.12.3.rel1.linux64_1.0.200.202406132123/tools/bin/../lib/gcc/arm-none-eabi/12.3.1/../../../../arm-none-eabi/lib/thumb/v7e-m+fp/hard/libc_nano.a(libc_a-init.o)
 .ARM.attributes
                0x000007fb       0x22 /home/aad/st/stm32cubeide_1.16.0/plugins/com.st.stm32cube.ide.mcu.externaltools.gnu-tools-for-stm32.12.3.rel1.linux64_1.0.200.202406132123/tools/bin/../lib/gcc/arm-none-eabi/12.3.1/thumb/v7e-m+fp/hard/libgcc.a(_aeabi_uldivmod.o)
 .ARM.attributes
                0x0000081d       0x34 /home/aad/st/stm32cubeide_1.16.0/plugins/com.st.stm32cube.ide.mcu.externaltools.gnu-tools-for-stm32.12.3.rel1.linux64_1.0.200.202406132123/tools/bin/../lib/gcc/arm-none-eabi/12.3.1/thumb/v7e-m+fp/hard/libgcc.a(_udivmoddi4.o)
 .ARM.attributes
                0x00000851       0x22 /home/aad/st/stm32cubeide_1.16.0/plugins/com.st.stm32cube.ide.mcu.externaltools.gnu-tools-for-stm32.12.3.rel1.linux64_1.0.200.202406132123/tools/bin/../lib/gcc/arm-none-eabi/12.3.1/thumb/v7e-m+fp/hard/libgcc.a(_dvmd_tls.o)
 .ARM.attributes
                0x00000873       0x22 /home/aad/st/stm32cubeide_1.16.0/plugins/com.st.stm32cube.ide.mcu.externaltools.gnu-tools-for-stm32.12.3.rel1.linux64_1.0.200.202406132123/tools/bin/../lib/gcc/arm-none-eabi/12.3.1/thumb/v7e-m+fp/hard/crtn.o
OUTPUT(gen0.elf elf32-littlearm)
LOAD linker stubs
LOAD /home/aad/st/stm32cubeide_1.16.0/plugins/com.st.stm32cube.ide.mcu.externaltools.gnu-tools-for-stm32.12.3.rel1.linux64_1.0.200.202406132123/tools/bin/../lib/gcc/arm-none-eabi/12.3.1/../../../../arm-none-eabi/lib/thumb/v7e-m+fp/hard/libc.a
LOAD /home/aad/st/stm32cubeide_1.16.0/plugins/com.st.stm32cube.ide.mcu.externaltools.gnu-tools-for-stm32.12.3.rel1.linux64_1.0.200.202406132123/tools/bin/../lib/gcc/arm-none-eabi/12.3.1/../../../../arm-none-eabi/lib/thumb/v7e-m+fp/hard/libm.a
LOAD /home/aad/st/stm32cubeide_1.16.0/plugins/com.st.stm32cube.ide.mcu.externaltools.gnu-tools-for-stm32.12.3.rel1.linux64_1.0.200.202406132123/tools/bin/../lib/gcc/arm-none-eabi/12.3.1/thumb/v7e-m+fp/hard/libgcc.a

.debug_info     0x00000000    0x1ade8
 .debug_info    0x00000000      0x51c ./Components/lis302dl/lis302dl.o
 .debug_info    0x0000051c      0x4d2 ./Components/lis3dsh/lis3dsh.o
 .debug_info    0x000009ee      0x239 ./Core/DataStructures/ring_buffer/ring_buffer.o
 .debug_info    0x00000c27      0x4ec ./Core/Src/UartSlaveAccel.o
 .debug_info    0x00001113      0x459 ./Core/Src/gpio.o
 .debug_info    0x0000156c      0x968 ./Core/Src/i2c.o
 .debug_info    0x00001ed4      0x135 ./Core/Src/lowpass.o
 .debug_info    0x00002009     0x10e3 ./Core/Src/main.o
 .debug_info    0x000030ec      0x94d ./Core/Src/spi.o
 .debug_info    0x00003a39     0x15d2 ./Core/Src/stm32f4_discovery.o
 .debug_info    0x0000500b      0x402 ./Core/Src/stm32f4_discovery_accelerometer.o
 .debug_info    0x0000540d      0x27c ./Core/Src/stm32f4xx_hal_msp.o
 .debug_info    0x00005689      0xbbd ./Core/Src/stm32f4xx_it.o
 .debug_info    0x00006246      0x512 ./Core/Src/system_stm32f4xx.o
 .debug_info    0x00006758      0xb9f ./Core/Src/tim.o
 .debug_info    0x000072f7       0x30 ./Core/Startup/startup_stm32f407vgtx.o
 .debug_info    0x00007327      0x944 ./Drivers/STM32F4xx_HAL_Driver/Src/stm32f4xx_hal.o
 .debug_info    0x00007c6b      0xd8c ./Drivers/STM32F4xx_HAL_Driver/Src/stm32f4xx_hal_cortex.o
 .debug_info    0x000089f7      0x6c3 ./Drivers/STM32F4xx_HAL_Driver/Src/stm32f4xx_hal_gpio.o
 .debug_info    0x000090ba     0x2415 ./Drivers/STM32F4xx_HAL_Driver/Src/stm32f4xx_hal_i2c.o
 .debug_info    0x0000b4cf     0x156f ./Drivers/STM32F4xx_HAL_Driver/Src/stm32f4xx_hal_pcd.o
 .debug_info    0x0000ca3e      0x6ea ./Drivers/STM32F4xx_HAL_Driver/Src/stm32f4xx_hal_pcd_ex.o
 .debug_info    0x0000d128      0x8af ./Drivers/STM32F4xx_HAL_Driver/Src/stm32f4xx_hal_rcc.o
 .debug_info    0x0000d9d7     0x1525 ./Drivers/STM32F4xx_HAL_Driver/Src/stm32f4xx_hal_spi.o
 .debug_info    0x0000eefc     0x299d ./Drivers/STM32F4xx_HAL_Driver/Src/stm32f4xx_hal_tim.o
 .debug_info    0x00011899     0x14db ./Drivers/STM32F4xx_HAL_Driver/Src/stm32f4xx_hal_tim_ex.o
 .debug_info    0x00012d74     0x1993 ./Drivers/STM32F4xx_HAL_Driver/Src/stm32f4xx_ll_usb.o
 .debug_info    0x00014707      0x337 ./Drivers/User/UartSlave/src/uartSlave.o
 .debug_info    0x00014a3e     0x12a3 ./Middlewares/ST/STM32_USB_Device_Library/Class/CDC/Src/usbd_cdc.o
 .debug_info    0x00015ce1      0xe05 ./Middlewares/ST/STM32_USB_Device_Library/Core/Src/usbd_core.o
 .debug_info    0x00016ae6      0xade ./Middlewares/ST/STM32_USB_Device_Library/Core/Src/usbd_ctlreq.o
 .debug_info    0x000175c4      0x755 ./Middlewares/ST/STM32_USB_Device_Library/Core/Src/usbd_ioreq.o
 .debug_info    0x00017d19      0x701 ./USB_DEVICE/App/usb_device.o
 .debug_info    0x0001841a      0x90b ./USB_DEVICE/App/usbd_cdc_if.o
 .debug_info    0x00018d25      0x458 ./USB_DEVICE/App/usbd_desc.o
 .debug_info    0x0001917d     0x1c6b ./USB_DEVICE/Target/usbd_conf.o

.debug_abbrev   0x00000000     0x4892
 .debug_abbrev  0x00000000      0x1e4 ./Components/lis302dl/lis302dl.o
 .debug_abbrev  0x000001e4      0x1e4 ./Components/lis3dsh/lis3dsh.o
 .debug_abbrev  0x000003c8       0xd3 ./Core/DataStructures/ring_buffer/ring_buffer.o
 .debug_abbrev  0x0000049b      0x196 ./Core/Src/UartSlaveAccel.o
 .debug_abbrev  0x00000631      0x152 ./Core/Src/gpio.o
 .debug_abbrev  0x00000783      0x1f1 ./Core/Src/i2c.o
 .debug_abbrev  0x00000974       0xd2 ./Core/Src/lowpass.o
 .debug_abbrev  0x00000a46      0x2cc ./Core/Src/main.o
 .debug_abbrev  0x00000d12      0x1fa ./Core/Src/spi.o
 .debug_abbrev  0x00000f0c      0x2fa ./Core/Src/stm32f4_discovery.o
 .debug_abbrev  0x00001206      0x165 ./Core/Src/stm32f4_discovery_accelerometer.o
 .debug_abbrev  0x0000136b       0xf4 ./Core/Src/stm32f4xx_hal_msp.o
 .debug_abbrev  0x0000145f      0x1e9 ./Core/Src/stm32f4xx_it.o
 .debug_abbrev  0x00001648      0x11a ./Core/Src/system_stm32f4xx.o
 .debug_abbrev  0x00001762      0x1f8 ./Core/Src/tim.o
 .debug_abbrev  0x0000195a       0x24 ./Core/Startup/startup_stm32f407vgtx.o
 .debug_abbrev  0x0000197e      0x214 ./Drivers/STM32F4xx_HAL_Driver/Src/stm32f4xx_hal.o
 .debug_abbrev  0x00001b92      0x31d ./Drivers/STM32F4xx_HAL_Driver/Src/stm32f4xx_hal_cortex.o
 .debug_abbrev  0x00001eaf      0x1d4 ./Drivers/STM32F4xx_HAL_Driver/Src/stm32f4xx_hal_gpio.o
 .debug_abbrev  0x00002083      0x2ad ./Drivers/STM32F4xx_HAL_Driver/Src/stm32f4xx_hal_i2c.o
 .debug_abbrev  0x00002330      0x2b9 ./Drivers/STM32F4xx_HAL_Driver/Src/stm32f4xx_hal_pcd.o
 .debug_abbrev  0x000025e9      0x1da ./Drivers/STM32F4xx_HAL_Driver/Src/stm32f4xx_hal_pcd_ex.o
 .debug_abbrev  0x000027c3      0x2b7 ./Drivers/STM32F4xx_HAL_Driver/Src/stm32f4xx_hal_rcc.o
 .debug_abbrev  0x00002a7a      0x27a ./Drivers/STM32F4xx_HAL_Driver/Src/stm32f4xx_hal_spi.o
 .debug_abbrev  0x00002cf4      0x278 ./Drivers/STM32F4xx_HAL_Driver/Src/stm32f4xx_hal_tim.o
 .debug_abbrev  0x00002f6c      0x283 ./Drivers/STM32F4xx_HAL_Driver/Src/stm32f4xx_hal_tim_ex.o
 .debug_abbrev  0x000031ef      0x2b3 ./Drivers/STM32F4xx_HAL_Driver/Src/stm32f4xx_ll_usb.o
 .debug_abbrev  0x000034a2      0x147 ./Drivers/User/UartSlave/src/uartSlave.o
 .debug_abbrev  0x000035e9      0x2d2 ./Middlewares/ST/STM32_USB_Device_Library/Class/CDC/Src/usbd_cdc.o
 .debug_abbrev  0x000038bb      0x27c ./Middlewares/ST/STM32_USB_Device_Library/Core/Src/usbd_core.o
 .debug_abbrev  0x00003b37      0x26f ./Middlewares/ST/STM32_USB_Device_Library/Core/Src/usbd_ctlreq.o
 .debug_abbrev  0x00003da6      0x19a ./Middlewares/ST/STM32_USB_Device_Library/Core/Src/usbd_ioreq.o
 .debug_abbrev  0x00003f40      0x195 ./USB_DEVICE/App/usb_device.o
 .debug_abbrev  0x000040d5      0x29d ./USB_DEVICE/App/usbd_cdc_if.o
 .debug_abbrev  0x00004372      0x1e1 ./USB_DEVICE/App/usbd_desc.o
 .debug_abbrev  0x00004553      0x33f ./USB_DEVICE/Target/usbd_conf.o

.debug_aranges  0x00000000     0x1868
 .debug_aranges
                0x00000000       0x78 ./Components/lis302dl/lis302dl.o
 .debug_aranges
                0x00000078       0x68 ./Components/lis3dsh/lis3dsh.o
 .debug_aranges
                0x000000e0       0x38 ./Core/DataStructures/ring_buffer/ring_buffer.o
 .debug_aranges
                0x00000118       0x28 ./Core/Src/UartSlaveAccel.o
 .debug_aranges
                0x00000140       0x20 ./Core/Src/gpio.o
 .debug_aranges
                0x00000160       0x30 ./Core/Src/i2c.o
 .debug_aranges
                0x00000190       0x28 ./Core/Src/lowpass.o
 .debug_aranges
                0x000001b8       0x38 ./Core/Src/main.o
 .debug_aranges
                0x000001f0       0x30 ./Core/Src/spi.o
 .debug_aranges
                0x00000220       0xd8 ./Core/Src/stm32f4_discovery.o
 .debug_aranges
                0x000002f8       0x48 ./Core/Src/stm32f4_discovery_accelerometer.o
 .debug_aranges
                0x00000340       0x20 ./Core/Src/stm32f4xx_hal_msp.o
 .debug_aranges
                0x00000360       0x70 ./Core/Src/stm32f4xx_it.o
 .debug_aranges
                0x000003d0       0x28 ./Core/Src/system_stm32f4xx.o
 .debug_aranges
                0x000003f8       0x30 ./Core/Src/tim.o
 .debug_aranges
                0x00000428       0x28 ./Core/Startup/startup_stm32f407vgtx.o
 .debug_aranges
                0x00000450       0xf0 ./Drivers/STM32F4xx_HAL_Driver/Src/stm32f4xx_hal.o
 .debug_aranges
                0x00000540      0x130 ./Drivers/STM32F4xx_HAL_Driver/Src/stm32f4xx_hal_cortex.o
 .debug_aranges
                0x00000670       0x58 ./Drivers/STM32F4xx_HAL_Driver/Src/stm32f4xx_hal_gpio.o
 .debug_aranges
                0x000006c8      0x2a8 ./Drivers/STM32F4xx_HAL_Driver/Src/stm32f4xx_hal_i2c.o
 .debug_aranges
                0x00000970      0x148 ./Drivers/STM32F4xx_HAL_Driver/Src/stm32f4xx_hal_pcd.o
 .debug_aranges
                0x00000ab8       0x38 ./Drivers/STM32F4xx_HAL_Driver/Src/stm32f4xx_hal_pcd_ex.o
 .debug_aranges
                0x00000af0       0x88 ./Drivers/STM32F4xx_HAL_Driver/Src/stm32f4xx_hal_rcc.o
 .debug_aranges
                0x00000b78      0x1d0 ./Drivers/STM32F4xx_HAL_Driver/Src/stm32f4xx_hal_spi.o
 .debug_aranges
                0x00000d48      0x3d0 ./Drivers/STM32F4xx_HAL_Driver/Src/stm32f4xx_hal_tim.o
 .debug_aranges
                0x00001118      0x168 ./Drivers/STM32F4xx_HAL_Driver/Src/stm32f4xx_hal_tim_ex.o
 .debug_aranges
                0x00001280      0x1a0 ./Drivers/STM32F4xx_HAL_Driver/Src/stm32f4xx_ll_usb.o
 .debug_aranges
                0x00001420       0x28 ./Drivers/User/UartSlave/src/uartSlave.o
 .debug_aranges
                0x00001448       0x90 ./Middlewares/ST/STM32_USB_Device_Library/Class/CDC/Src/usbd_cdc.o
 .debug_aranges
                0x000014d8       0xd8 ./Middlewares/ST/STM32_USB_Device_Library/Core/Src/usbd_core.o
 .debug_aranges
                0x000015b0       0x90 ./Middlewares/ST/STM32_USB_Device_Library/Core/Src/usbd_ctlreq.o
 .debug_aranges
                0x00001640       0x50 ./Middlewares/ST/STM32_USB_Device_Library/Core/Src/usbd_ioreq.o
 .debug_aranges
                0x00001690       0x20 ./USB_DEVICE/App/usb_device.o
 .debug_aranges
                0x000016b0       0x48 ./USB_DEVICE/App/usbd_cdc_if.o
 .debug_aranges
                0x000016f8       0x60 ./USB_DEVICE/App/usbd_desc.o
 .debug_aranges
                0x00001758      0x110 ./USB_DEVICE/Target/usbd_conf.o

.debug_rnglists
                0x00000000     0x129d
 .debug_rnglists
                0x00000000       0x57 ./Components/lis302dl/lis302dl.o
 .debug_rnglists
                0x00000057       0x4b ./Components/lis3dsh/lis3dsh.o
 .debug_rnglists
                0x000000a2       0x25 ./Core/DataStructures/ring_buffer/ring_buffer.o
 .debug_rnglists
                0x000000c7       0x1b ./Core/Src/UartSlaveAccel.o
 .debug_rnglists
                0x000000e2       0x14 ./Core/Src/gpio.o
 .debug_rnglists
                0x000000f6       0x20 ./Core/Src/i2c.o
 .debug_rnglists
                0x00000116       0x19 ./Core/Src/lowpass.o
 .debug_rnglists
                0x0000012f       0x27 ./Core/Src/main.o
 .debug_rnglists
                0x00000156       0x20 ./Core/Src/spi.o
 .debug_rnglists
                0x00000176       0xa0 ./Core/Src/stm32f4_discovery.o
 .debug_rnglists
                0x00000216       0x32 ./Core/Src/stm32f4_discovery_accelerometer.o
 .debug_rnglists
                0x00000248       0x13 ./Core/Src/stm32f4xx_hal_msp.o
 .debug_rnglists
                0x0000025b       0x4f ./Core/Src/stm32f4xx_it.o
 .debug_rnglists
                0x000002aa       0x1a ./Core/Src/system_stm32f4xx.o
 .debug_rnglists
                0x000002c4       0x1f ./Core/Src/tim.o
 .debug_rnglists
                0x000002e3       0x19 ./Core/Startup/startup_stm32f407vgtx.o
 .debug_rnglists
                0x000002fc       0xaf ./Drivers/STM32F4xx_HAL_Driver/Src/stm32f4xx_hal.o
 .debug_rnglists
                0x000003ab       0xe0 ./Drivers/STM32F4xx_HAL_Driver/Src/stm32f4xx_hal_cortex.o
 .debug_rnglists
                0x0000048b       0x3f ./Drivers/STM32F4xx_HAL_Driver/Src/stm32f4xx_hal_gpio.o
 .debug_rnglists
                0x000004ca      0x23c ./Drivers/STM32F4xx_HAL_Driver/Src/stm32f4xx_hal_i2c.o
 .debug_rnglists
                0x00000706       0xfa ./Drivers/STM32F4xx_HAL_Driver/Src/stm32f4xx_hal_pcd.o
 .debug_rnglists
                0x00000800       0x26 ./Drivers/STM32F4xx_HAL_Driver/Src/stm32f4xx_hal_pcd_ex.o
 .debug_rnglists
                0x00000826       0x66 ./Drivers/STM32F4xx_HAL_Driver/Src/stm32f4xx_hal_rcc.o
 .debug_rnglists
                0x0000088c      0x16f ./Drivers/STM32F4xx_HAL_Driver/Src/stm32f4xx_hal_spi.o
 .debug_rnglists
                0x000009fb      0x31a ./Drivers/STM32F4xx_HAL_Driver/Src/stm32f4xx_hal_tim.o
 .debug_rnglists
                0x00000d15      0x125 ./Drivers/STM32F4xx_HAL_Driver/Src/stm32f4xx_hal_tim_ex.o
 .debug_rnglists
                0x00000e3a      0x147 ./Drivers/STM32F4xx_HAL_Driver/Src/stm32f4xx_ll_usb.o
 .debug_rnglists
                0x00000f81       0x19 ./Drivers/User/UartSlave/src/uartSlave.o
 .debug_rnglists
                0x00000f9a       0x6c ./Middlewares/ST/STM32_USB_Device_Library/Class/CDC/Src/usbd_cdc.o
 .debug_rnglists
                0x00001006       0xa1 ./Middlewares/ST/STM32_USB_Device_Library/Core/Src/usbd_core.o
 .debug_rnglists
                0x000010a7       0x6e ./Middlewares/ST/STM32_USB_Device_Library/Core/Src/usbd_ctlreq.o
 .debug_rnglists
                0x00001115       0x37 ./Middlewares/ST/STM32_USB_Device_Library/Core/Src/usbd_ioreq.o
 .debug_rnglists
                0x0000114c       0x13 ./USB_DEVICE/App/usb_device.o
 .debug_rnglists
                0x0000115f       0x32 ./USB_DEVICE/App/usbd_cdc_if.o
 .debug_rnglists
                0x00001191       0x43 ./USB_DEVICE/App/usbd_desc.o
 .debug_rnglists
                0x000011d4       0xc9 ./USB_DEVICE/Target/usbd_conf.o

.debug_macro    0x00000000    0x26153
 .debug_macro   0x00000000       0x7c ./Components/lis302dl/lis302dl.o
 .debug_macro   0x0000007c      0xaba ./Components/lis302dl/lis302dl.o
 .debug_macro   0x00000b36       0x22 ./Components/lis302dl/lis302dl.o
 .debug_macro   0x00000b58       0x8e ./Components/lis302dl/lis302dl.o
 .debug_macro   0x00000be6       0x51 ./Components/lis302dl/lis302dl.o
 .debug_macro   0x00000c37      0x103 ./Components/lis302dl/lis302dl.o
 .debug_macro   0x00000d3a       0x6a ./Components/lis302dl/lis302dl.o
 .debug_macro   0x00000da4      0x1df ./Components/lis302dl/lis302dl.o
 .debug_macro   0x00000f83      0x1d0 ./Components/lis302dl/lis302dl.o
 .debug_macro   0x00001153       0x7c ./Components/lis3dsh/lis3dsh.o
 .debug_macro   0x000011cf      0x426 ./Components/lis3dsh/lis3dsh.o
 .debug_macro   0x000015f5       0x7b ./Core/DataStructures/ring_buffer/ring_buffer.o
 .debug_macro   0x00001670      0x189 ./Core/DataStructures/ring_buffer/ring_buffer.o
 .debug_macro   0x000017f9       0x1c ./Core/DataStructures/ring_buffer/ring_buffer.o
 .debug_macro   0x00001815      0x291 ./Core/Src/UartSlaveAccel.o
 .debug_macro   0x00001aa6       0x34 ./Core/Src/UartSlaveAccel.o
 .debug_macro   0x00001ada      0x2a7 ./Core/Src/UartSlaveAccel.o
 .debug_macro   0x00001d81       0x2e ./Core/Src/UartSlaveAccel.o
 .debug_macro   0x00001daf       0x2f ./Core/Src/UartSlaveAccel.o
 .debug_macro   0x00001dde       0x1c ./Core/Src/UartSlaveAccel.o
 .debug_macro   0x00001dfa       0x22 ./Core/Src/UartSlaveAccel.o
 .debug_macro   0x00001e1c       0xfb ./Core/Src/UartSlaveAccel.o
 .debug_macro   0x00001f17     0x1011 ./Core/Src/UartSlaveAccel.o
 .debug_macro   0x00002f28      0x11f ./Core/Src/UartSlaveAccel.o
 .debug_macro   0x00003047    0x15e97 ./Core/Src/UartSlaveAccel.o
 .debug_macro   0x00018ede       0x6d ./Core/Src/UartSlaveAccel.o
 .debug_macro   0x00018f4b     0x369a ./Core/Src/UartSlaveAccel.o
 .debug_macro   0x0001c5e5       0x5c ./Core/Src/UartSlaveAccel.o
 .debug_macro   0x0001c641      0x980 ./Core/Src/UartSlaveAccel.o
 .debug_macro   0x0001cfc1      0x9e9 ./Core/Src/UartSlaveAccel.o
 .debug_macro   0x0001d9aa      0x115 ./Core/Src/UartSlaveAccel.o
 .debug_macro   0x0001dabf      0x13e ./Core/Src/UartSlaveAccel.o
 .debug_macro   0x0001dbfd       0xa5 ./Core/Src/UartSlaveAccel.o
 .debug_macro   0x0001dca2      0x174 ./Core/Src/UartSlaveAccel.o
 .debug_macro   0x0001de16      0x287 ./Core/Src/UartSlaveAccel.o
 .debug_macro   0x0001e09d       0x5f ./Core/Src/UartSlaveAccel.o
 .debug_macro   0x0001e0fc      0x236 ./Core/Src/UartSlaveAccel.o
 .debug_macro   0x0001e332      0x12c ./Core/Src/UartSlaveAccel.o
 .debug_macro   0x0001e45e      0x21e ./Core/Src/UartSlaveAccel.o
 .debug_macro   0x0001e67c       0x2e ./Core/Src/UartSlaveAccel.o
 .debug_macro   0x0001e6aa      0x1b5 ./Core/Src/UartSlaveAccel.o
 .debug_macro   0x0001e85f       0xd6 ./Core/Src/UartSlaveAccel.o
 .debug_macro   0x0001e935      0x127 ./Core/Src/UartSlaveAccel.o
 .debug_macro   0x0001ea5c       0x7e ./Core/Src/UartSlaveAccel.o
 .debug_macro   0x0001eada       0x89 ./Core/Src/UartSlaveAccel.o
 .debug_macro   0x0001eb63      0x225 ./Core/Src/UartSlaveAccel.o
 .debug_macro   0x0001ed88      0x8ed ./Core/Src/UartSlaveAccel.o
 .debug_macro   0x0001f675       0x4d ./Core/Src/UartSlaveAccel.o
 .debug_macro   0x0001f6c2      0x293 ./Core/Src/UartSlaveAccel.o
 .debug_macro   0x0001f955       0xba ./Core/Src/UartSlaveAccel.o
 .debug_macro   0x0001fa0f      0x12d ./Core/Src/UartSlaveAccel.o
 .debug_macro   0x0001fb3c      0x1df ./Core/Src/UartSlaveAccel.o
 .debug_macro   0x0001fd1b      0x225 ./Core/Src/gpio.o
 .debug_macro   0x0001ff40      0x190 ./Core/Src/gpio.o
 .debug_macro   0x000200d0      0x225 ./Core/Src/i2c.o
 .debug_macro   0x000202f5       0x6d ./Core/Src/lowpass.o
 .debug_macro   0x00020362      0x48c ./Core/Src/main.o
 .debug_macro   0x000207ee       0x61 ./Core/Src/main.o
 .debug_macro   0x0002084f       0x2a ./Core/Src/main.o
 .debug_macro   0x00020879       0x43 ./Core/Src/main.o
 .debug_macro   0x000208bc       0x34 ./Core/Src/main.o
 .debug_macro   0x000208f0       0x16 ./Core/Src/main.o
 .debug_macro   0x00020906       0x35 ./Core/Src/main.o
 .debug_macro   0x0002093b      0x369 ./Core/Src/main.o
 .debug_macro   0x00020ca4       0x10 ./Core/Src/main.o
 .debug_macro   0x00020cb4       0x16 ./Core/Src/main.o
 .debug_macro   0x00020cca       0x43 ./Core/Src/main.o
 .debug_macro   0x00020d0d       0x34 ./Core/Src/main.o
 .debug_macro   0x00020d41       0x10 ./Core/Src/main.o
 .debug_macro   0x00020d51       0x58 ./Core/Src/main.o
 .debug_macro   0x00020da9       0x8e ./Core/Src/main.o
 .debug_macro   0x00020e37       0x1c ./Core/Src/main.o
 .debug_macro   0x00020e53      0x177 ./Core/Src/main.o
 .debug_macro   0x00020fca       0x16 ./Core/Src/main.o
 .debug_macro   0x00020fe0       0x16 ./Core/Src/main.o
 .debug_macro   0x00020ff6      0x146 ./Core/Src/main.o
 .debug_macro   0x0002113c       0x16 ./Core/Src/main.o
 .debug_macro   0x00021152       0x16 ./Core/Src/main.o
 .debug_macro   0x00021168       0x29 ./Core/Src/main.o
 .debug_macro   0x00021191       0x16 ./Core/Src/main.o
 .debug_macro   0x000211a7       0x20 ./Core/Src/main.o
 .debug_macro   0x000211c7       0x65 ./Core/Src/main.o
 .debug_macro   0x0002122c      0x20f ./Core/Src/main.o
 .debug_macro   0x0002143b       0x95 ./Core/Src/main.o
 .debug_macro   0x000214d0       0x10 ./Core/Src/main.o
 .debug_macro   0x000214e0      0x1e5 ./Core/Src/main.o
 .debug_macro   0x000216c5      0x225 ./Core/Src/spi.o
 .debug_macro   0x000218ea      0x239 ./Core/Src/stm32f4_discovery.o
 .debug_macro   0x00021b23      0x251 ./Core/Src/stm32f4_discovery_accelerometer.o
 .debug_macro   0x00021d74      0x21b ./Core/Src/stm32f4xx_hal_msp.o
 .debug_macro   0x00021f8f      0x225 ./Core/Src/stm32f4xx_it.o
 .debug_macro   0x000221b4      0x20c ./Core/Src/system_stm32f4xx.o
 .debug_macro   0x000223c0      0x225 ./Core/Src/tim.o
 .debug_macro   0x000225e5      0x26c ./Drivers/STM32F4xx_HAL_Driver/Src/stm32f4xx_hal.o
 .debug_macro   0x00022851      0x20c ./Drivers/STM32F4xx_HAL_Driver/Src/stm32f4xx_hal_cortex.o
 .debug_macro   0x00022a5d      0x212 ./Drivers/STM32F4xx_HAL_Driver/Src/stm32f4xx_hal_gpio.o
 .debug_macro   0x00022c6f      0x25a ./Drivers/STM32F4xx_HAL_Driver/Src/stm32f4xx_hal_i2c.o
 .debug_macro   0x00022ec9      0x218 ./Drivers/STM32F4xx_HAL_Driver/Src/stm32f4xx_hal_pcd.o
 .debug_macro   0x000230e1      0x20c ./Drivers/STM32F4xx_HAL_Driver/Src/stm32f4xx_hal_pcd_ex.o
 .debug_macro   0x000232ed      0x230 ./Drivers/STM32F4xx_HAL_Driver/Src/stm32f4xx_hal_rcc.o
 .debug_macro   0x0002351d      0x21b ./Drivers/STM32F4xx_HAL_Driver/Src/stm32f4xx_hal_spi.o
 .debug_macro   0x00023738      0x20d ./Drivers/STM32F4xx_HAL_Driver/Src/stm32f4xx_hal_tim.o
 .debug_macro   0x00023945      0x20c ./Drivers/STM32F4xx_HAL_Driver/Src/stm32f4xx_hal_tim_ex.o
 .debug_macro   0x00023b51      0x20c ./Drivers/STM32F4xx_HAL_Driver/Src/stm32f4xx_ll_usb.o
 .debug_macro   0x00023d5d       0x8a ./Drivers/User/UartSlave/src/uartSlave.o